{
 "driven": {
  "passed": true,
  "checks": [
   {
    "name": "routine: full page title remains readable",
    "passed": true
   },
   {
    "name": "routine: fits viewport",
    "passed": true
   },
   {
    "name": "routine: reduced motion avoids page animations",
    "passed": true
   },
   {
    "name": "routine: save action stays in view",
    "passed": true
   },
   {
    "name": "Routine light headings meet 4.5:1",
    "passed": true,
    "ratios": [
     {
      "name": "When",
      "ratio": 4.956890447027313
     },
     {
      "name": "Only if",
      "ratio": 5.052691104462772
     },
     {
      "name": "Then",
      "ratio": 4.984029036474033
     }
    ]
   },
   {
    "name": "routine: system dark theme applies",
    "passed": true
   },
   {
    "name": "Routine dark headings meet 4.5:1",
    "passed": true,
    "ratios": [
     {
      "name": "When",
      "ratio": 7.905327969336701
     },
     {
      "name": "Only if",
      "ratio": 9.544971344199602
     },
     {
      "name": "Then",
      "ratio": 9.130149004582996
     }
    ]
   },
   {
    "name": "scene: full page title remains readable",
    "passed": true
   },
   {
    "name": "scene: fits viewport",
    "passed": true
   },
   {
    "name": "scene: reduced motion avoids page animations",
    "passed": true
   },
   {
    "name": "scene: save action stays in view",
    "passed": true
   },
   {
    "name": "scene: system dark theme applies",
    "passed": true
   },
   {
    "name": "widget: full page title remains readable",
    "passed": true
   },
   {
    "name": "widget: fits viewport",
    "passed": true
   },
   {
    "name": "widget: reduced motion avoids page animations",
    "passed": true
   },
   {
    "name": "widget: save action stays in view",
    "passed": true
   },
   {
    "name": "widget: system dark theme applies",
    "passed": true
   },
   {
    "name": "All viewport journeys issue no writes",
    "passed": true
   }
  ],
  "scope": "Compact density, reduced motion, both system themes; phone keyboard/pan/zoom uses an injected VisualViewport model"
 }
}
{"url":"http://127.0.0.1:3021/config","viewport":{"width":1280,"height":900},"problems":["log: Failed to load resource: the server responded with a status of 501 (Not Implemented)","log: Failed to load resource: the server responded with a status of 501 (Not Implemented)"]}
