{
 "driven": {
  "passed": true,
  "width": 390,
  "checks": [
   "Group editor loads",
   "Editing shows unsaved state",
   "Scene list loads during retained edit",
   "Navigation retains group edits",
   "Discard restores saved values",
   "Group editor fits",
   "Function editor loads",
   "Zero is rendered as a function result",
   "Raw JSON is hidden without advanced details",
   "A changed draft marks its result stale",
   "Structured values preserve false, zero, empty and literal text",
   "Structured preview fits",
   "Condition editor loads",
   "False is a valid negative result",
   "Unknown explains the missing input",
   "Evaluation errors never appear as a passed condition",
   "Action editor loads",
   "Planned actions have names and related links",
   "Skipped actions explain the reason",
   "Preview never claims to have dispatched",
   "Action preview fits",
   "Empty action plans are explained",
   "Preview errors offer retry without losing draft",
   "Retry recovers the preview",
   "Computed helper editor loads",
   "False computed helper value is visible",
   "Advanced preview editor loads",
   "Advanced JSON is available and collapsed",
   "Advanced JSON expands on request",
   "Expanded JSON is contained",
   "Routine editor loads",
   "What-if preview opens",
   "Routine preview uses shared readable actions",
   "Routine preview fits",
   "Weather and price charts load",
   "Weather forecast: chart tap opens details",
   "Weather forecast: dialog chart loads",
   "Weather forecast: drag inspects values",
   "Weather forecast: release clears reading",
   "Weather forecast: dialog dismisses",
   "Electricity prices: chart tap opens details",
   "Electricity prices: dialog chart loads",
   "Electricity prices: drag inspects values",
   "Electricity prices: release clears reading",
   "Electricity prices: dialog dismisses",
   "Dashboard fits",
   "Live floorplan renders",
   "Floorplan pinch changes zoom",
   "Lifting a pinch finger does not snap the map",
   "The remaining finger pans from its current position",
   "Map fits",
   "Floorplan editor and tools render",
   "Fit keeps the editor canvas within the viewport",
   "Floorplan editor fits"
  ],
  "preview": "Rendering fixtures; actual worker execution/no-dispatch verified by server tests."
 }
}
{"url":"http://127.0.0.1:40653/config","viewport":{"width":390,"height":844},"problems":[]}
