warning: Git tree '/home/rasse/homectl' is dirty
error (ignored): SQLite database '/home/rasse/.cache/nix/eval-cache-v6/64d1038f38a5692fa1a2316e0d767ab54e4312b96cbfaadb8c8e375476fa9152.sqlite' is busy
Loaded homectl dev shell (Docker client + psql available for Postgres workflows)
{
 "driven": {
  "passed": true,
  "width": 1440,
  "checks": [
   "Scrolling floorplan tabs available",
   "Map renders",
   "Tabs share AppBar before assistant without overflow",
   "Show on floorplan: Lights toggles off and the options stay open",
   "Show on floorplan: Lights toggles back on independently",
   "Show on floorplan: Sensors toggles off and the options stay open",
   "Show on floorplan: Sensors toggles back on independently",
   "Show on floorplan: Groups toggles off and the options stay open",
   "Show on floorplan: Groups toggles back on independently",
   "Labels: Lights toggles off and the options stay open",
   "Labels: Lights toggles back on independently",
   "Labels: Sensors toggles off and the options stay open",
   "Labels: Sensors toggles back on independently",
   "Labels: Groups toggles off and the options stay open",
   "Labels: Groups toggles back on independently",
   "Hold opens radial control",
   "Small movement during the opening hold sends no color or power command",
   "Release keeps radial open without selection",
   "Title has a background; the center has a muted fill and an outline matching the light color",
   "Held brightness applies immediately and coalesces a slow acknowledgement into the latest value",
   "Brightness remains steady across release and delayed older acknowledgements",
   "Outer ring flushes the final brightness on release",
   "Inner circle controls hue and saturation",
   "compact density: centered 208 px hue wheel and indicator within its color surface in all four quadrants",
   "comfortable density: centered 208 px hue wheel and indicator within its color surface in all four quadrants",
   "Quadrant adjustments are acknowledged before the delayed-command check",
   "Hue applies while held and stays steady across release and acknowledgement",
   "Selected hue immediately colors the indicator, brightness arc and outlined, muted power button",
   "Power-off centre matches the darkened floorplan marker",
   "Power-on restores the selected light color",
   "After a held value is confirmed, later device updates remain visible",
   "Color temperature mode and keyboard adjustment",
   "Outside tap dismisses radial",
   "Direct hold drag reopens radial",
   "Movement within the center power circle never turns the light white",
   "Returning to the power hub retains the last chosen color",
   "Opening hold pans hue/saturation live, even on the outer ring, and stays open after release",
   "Holding the power button dismisses the popover",
   "Power-button hold dismisses without a power command or selection",
   "Reopen after power hold",
   "Brightness arc has flat ends and a wider 24 px band",
   "Escape dismisses radial",
   "Tap opens full device sheet",
   "Paused light exposes Restore scene",
   "Restore scene overrides a 60-second scene transition with the shared 0.4-second UI transition",
   "Restore publishes scene values immediately and clears the pause",
   "Holding with a sheet open shows quick controls without entering selection",
   "Side-panel button starts selection with its current light",
   "Tap adds a light to the selection",
   "Selection has one title, one close button and no duplicate capture action",
   "Save scene retains both selected targets",
   "Cancel capture returns to the same selection",
   "Holding a selected light opens selection quick controls without deselecting",
   "Selection brightness sends exactly one command per selected light",
   "Selection hue reaches both lights while preserving their individual power and brightness",
   "Selection power toggles both lights and preserves their other fields",
   "Tap deselects in selection mode",
   "Last deselection exits mode",
   "Ctrl click immediately selects",
   "Radial offers a selection icon",
   "Selection icon enters multi-light selection and closes radial",
   "Closing the selection panel clears all devices and dismisses it",
   "The next tap opens regular controls after selection close",
   "Selection can be started again after closing",
   "Radial selection retains last-deselect exit behavior",
   "Numeric sensor quick control opens",
   "Numeric stepper sends an unrestricted numeric event",
   "Dimmer vertical quick controls open",
   "Dimmer uses configured event values",
   "Office button discovers action controls even while current state is off",
   "Press event accepted",
   "Press event accepted",
   "Double press event accepted",
   "Hold event accepted",
   "Off event accepted",
   "All four MQTT action values simulate through normalized sensor input; repeated Press sends a second event",
   "Sensor hold opens quick controls",
   "Sensor simulated event accepted",
   "Sensor sheet shows persisted boolean step history",
   "Filtered history shows multiple sensor values",
   "Settings landing uses flat navigation lists",
   "Button device settings exposes control mappings",
   "Button event mapping fields are directly editable",
   "Custom button event mapping saved",
   "Map returns after editing sensor settings",
   "Saved mapping supplies button quick controls",
   "Custom Press event accepted",
   "Saved mapping is used by the shared quick-control path"
  ]
 }
}
{"url":"http://127.0.0.1:3021/map","viewport":{"width":1440,"height":1000},"problems":[]}
