(!) Your Vite config uses features that are unsupported by `configLoader: 'native'`, which is planned to become the default in a future major version of Vite:
  - ESM syntax in a file loaded as CommonJS (vite.config.ts:1:1). Use a `.mjs` extension or set `"type": "module"` in the closest package.json
Set `VITE_CONFIG_NATIVE_IGNORE_WARNING=true` to suppress this warning.
vite v8.3.1 building client environment for production...
transforming...
✓ 4012 modules transformed.
rendering chunks...
computing gzip size...
dist/index.html                                     2.43 kB │ gzip:   0.86 kB
dist/assets/index-CjyGzIj7.css                    114.69 kB │ gzip:  19.30 kB
dist/assets/floorplan-B7Zw-VOf.js                   0.04 kB │ gzip:   0.06 kB
dist/assets/webworkerAll-C_hKTIVm.js                0.07 kB │ gzip:   0.08 kB
dist/assets/device-CH3gUDg-.js                      0.09 kB │ gzip:   0.11 kB │ map:     0.59 kB
dist/assets/excludeUndefined-BW3a6ZHs.js            0.14 kB │ gzip:   0.15 kB │ map:     0.71 kB
dist/assets/useAtom-CCE2qcet.js                     0.14 kB │ gzip:   0.14 kB │ map:     0.66 kB
dist/assets/new-Df1zo9-o.js                         0.18 kB │ gzip:   0.17 kB │ map:     0.31 kB
dist/assets/new-KB87RgSr.js                         0.18 kB │ gzip:   0.17 kB │ map:     0.32 kB
dist/assets/new-mCcJF9J9.js                         0.18 kB │ gzip:   0.17 kB │ map:     0.31 kB
dist/assets/page-DtIya0IR.js                        0.22 kB │ gzip:   0.20 kB │ map:     0.37 kB
dist/assets/page-BtacdMnw.js                        0.23 kB │ gzip:   0.21 kB │ map:     0.36 kB
dist/assets/clock-3-C5GY-HJb.js                     0.24 kB │ gzip:   0.22 kB │ map:     1.03 kB
dist/assets/sceneModalState-BFp7EiY5.js             0.24 kB │ gzip:   0.21 kB │ map:     0.72 kB
dist/assets/loader-circle-DnEBmZUs.js               0.24 kB │ gzip:   0.22 kB │ map:     0.99 kB
dist/assets/search-B3asCAUn.js                      0.24 kB │ gzip:   0.22 kB │ map:     1.04 kB
dist/assets/detail-UYRuQzhb.js                      0.26 kB │ gzip:   0.22 kB │ map:     0.46 kB
dist/assets/detail-Blcxe8tw.js                      0.26 kB │ gzip:   0.22 kB │ map:     0.46 kB
dist/assets/detail-DRKrloWN.js                      0.26 kB │ gzip:   0.22 kB │ map:     0.46 kB
dist/assets/skeleton-DHmHmJY-.js                    0.27 kB │ gzip:   0.22 kB │ map:     0.54 kB
dist/assets/info-BL2kGEwv.js                        0.27 kB │ gzip:   0.23 kB │ map:     1.12 kB
dist/assets/circle-check-W7MIslwO.js                0.29 kB │ gzip:   0.24 kB │ map:     1.13 kB
dist/assets/upload-mKMD5OWy.js                      0.30 kB │ gzip:   0.24 kB │ map:     1.13 kB
dist/assets/copy-BiTo4qou.js                        0.30 kB │ gzip:   0.26 kB │ map:     1.13 kB
dist/assets/eye-5jnpn54o.js                         0.32 kB │ gzip:   0.25 kB │ map:     1.15 kB
dist/assets/ellipsis-Bi6qbTag.js                    0.33 kB │ gzip:   0.24 kB │ map:     1.27 kB
dist/assets/map-pin-BM22dS1x.js                     0.33 kB │ gzip:   0.28 kB │ map:     1.17 kB
dist/assets/trainSchedule-NtmRJeFw.js               0.35 kB │ gzip:   0.24 kB │ map:     1.56 kB
dist/assets/arrow-up-0lL-MOUG.js                    0.37 kB │ gzip:   0.26 kB │ map:     1.91 kB
dist/assets/configSearch-B5Nj1yha.js                0.39 kB │ gzip:   0.26 kB │ map:     1.43 kB
dist/assets/getTextureBatchBindGroup-B9GyXQ7S.js    0.40 kB │ gzip:   0.32 kB │ map:     1.82 kB
dist/assets/trash-CV9K6x1z.js                       0.41 kB │ gzip:   0.28 kB │ map:     1.40 kB
dist/assets/saveSceneModalState-CbMwhDWS.js         0.42 kB │ gzip:   0.31 kB │ map:     1.78 kB
dist/assets/useAssistantPageContext-4BFWzB09.js     0.43 kB │ gzip:   0.31 kB │ map:     1.42 kB
dist/assets/useDeviceHealth-DsELsO3u.js             0.44 kB │ gzip:   0.33 kB │ map:     1.19 kB
dist/assets/form-styles-BPG4qYie.js                 0.45 kB │ gzip:   0.25 kB │ map:     1.12 kB
dist/assets/configItemHref-BnJI6xqE.js              0.49 kB │ gzip:   0.30 kB │ map:     1.73 kB
dist/assets/textarea-CjzgdzBm.js                    0.50 kB │ gzip:   0.34 kB │ map:     0.81 kB
dist/assets/configWriteStatus-18wFqFyY.js           0.55 kB │ gzip:   0.40 kB │ map:     1.61 kB
dist/assets/settings-sa3NyPG5.js                    0.56 kB │ gzip:   0.31 kB │ map:     1.40 kB
dist/assets/SettingsSection-Hx_OLDQV.js             0.57 kB │ gzip:   0.33 kB │ map:     1.45 kB
dist/assets/dist-Cn8VWVt6.js                        0.58 kB │ gzip:   0.35 kB │ map:     1.82 kB
dist/assets/input-BLmXIkOP.js                       0.59 kB │ gzip:   0.38 kB │ map:     0.91 kB
dist/assets/ConfigTabs-PFb11exi.js                  0.65 kB │ gzip:   0.43 kB │ map:     1.54 kB
dist/assets/useDeepLink-r59mQ32B.js                 0.66 kB │ gzip:   0.41 kB │ map:     2.62 kB
dist/assets/empty-state-DeF0lHTx.js                 0.71 kB │ gzip:   0.41 kB │ map:     1.57 kB
dist/assets/rolldown-runtime-hePW80VL.js            0.71 kB │ gzip:   0.42 kB
dist/assets/label-KFipAFJd.js                       0.72 kB │ gzip:   0.48 kB │ map:     2.23 kB
dist/assets/page-header-Bunpr5fd.js                 0.74 kB │ gzip:   0.41 kB │ map:     1.65 kB
dist/assets/GroupViewport-BrgGTE-Q.js               0.79 kB │ gzip:   0.49 kB │ map:     1.83 kB
dist/assets/badge-C0gbP_av.js                       0.84 kB │ gzip:   0.45 kB │ map:     1.63 kB
dist/assets/card-DDMCPW9L.js                        0.85 kB │ gzip:   0.36 kB │ map:     2.16 kB
dist/assets/useSettingsPreferences-YDVgmmYz.js      0.90 kB │ gzip:   0.54 kB │ map:     2.56 kB
dist/assets/useDevicesApi-ClASEiw1.js               1.02 kB │ gzip:   0.60 kB │ map:     3.33 kB
dist/assets/ConfigListSearchBar-CdRoQgXX.js         1.07 kB │ gzip:   0.62 kB │ map:     2.66 kB
dist/assets/shared-DYwsXclQ.js                      1.12 kB │ gzip:   0.61 kB │ map:     3.04 kB
dist/assets/atomWithStorage-BPuXvBbE.js             1.21 kB │ gzip:   0.64 kB │ map:     6.80 kB
dist/assets/preload-helper-BZ1Pz5am.js              1.21 kB │ gzip:   0.69 kB
dist/assets/shared-DuBjYu_G.js                      1.29 kB │ gzip:   0.70 kB │ map:     3.95 kB
dist/assets/IdentityFields-C8xakEWY.js              1.34 kB │ gzip:   0.77 kB │ map:     4.17 kB
dist/assets/shared-AxIajiUR.js                      1.43 kB │ gzip:   0.73 kB │ map:     3.74 kB
dist/assets/dashboardEditing-C68H6tDI.js            1.49 kB │ gzip:   0.70 kB │ map:     8.83 kB
dist/assets/page-9rHSGz2-.js                        1.59 kB │ gzip:   0.80 kB │ map:     3.35 kB
dist/assets/groupGraph-CelbX4Mp.js                  1.77 kB │ gzip:   0.85 kB │ map:     8.85 kB
dist/assets/page-B3BO1iYK.js                        1.80 kB │ gzip:   0.88 kB │ map:     4.01 kB
dist/assets/SceneModal-DGE8y_jB.js                  2.02 kB │ gzip:   0.99 kB │ map:     5.98 kB
dist/assets/ReportingPolicyField-xHIvW3GY.js        2.08 kB │ gzip:   0.94 kB │ map:     4.73 kB
dist/assets/config-form-BEmas4i7.js                 2.26 kB │ gzip:   0.81 kB │ map:     6.06 kB
dist/assets/SaveSceneModal-rL2DFHGh.js              2.26 kB │ gzip:   1.19 kB │ map:     7.35 kB
dist/assets/sceneTargets-w3Wm2Aot.js                2.57 kB │ gzip:   1.15 kB │ map:    11.95 kB
dist/assets/page-J1OD7qXf.js                        2.69 kB │ gzip:   1.34 kB │ map:     6.04 kB
dist/assets/EntityPicker-DDSuclDv.js                2.80 kB │ gzip:   1.25 kB │ map:     7.72 kB
dist/assets/page-BLDFSYyV.js                        2.83 kB │ gzip:   1.42 kB │ map:     6.60 kB
dist/assets/page-DsEp_OBU.js                        2.88 kB │ gzip:   1.37 kB │ map:     6.39 kB
dist/assets/shared-CEpNUSD3.js                      3.14 kB │ gzip:   1.21 kB │ map:     8.97 kB
dist/assets/tabs-CxKfvVgE.js                        3.38 kB │ gzip:   1.49 kB │ map:    12.32 kB
dist/assets/SceneColorControl-CGXkOuVn.js           3.52 kB │ gzip:   1.47 kB │ map:    11.38 kB
dist/assets/page-z65qebJJ.js                        3.73 kB │ gzip:   1.74 kB │ map:     9.51 kB
dist/assets/SearchablePicker-NXSyVgnO.js            3.91 kB │ gzip:   1.60 kB │ map:    11.73 kB
dist/assets/EntitySaveBar-CJnJPZV5.js               4.12 kB │ gzip:   1.92 kB │ map:    12.16 kB
dist/assets/DetailPageShell-rQwHXd8v.js             4.26 kB │ gzip:   1.79 kB │ map:    15.12 kB
dist/assets/dist-c0FkwAy9.js                        4.27 kB │ gzip:   1.89 kB │ map:    17.18 kB
dist/assets/JsonValueEditor-DrESgGRq.js             4.33 kB │ gzip:   1.69 kB │ map:    13.36 kB
dist/assets/checkbox-BARCoEqb.js                    4.45 kB │ gzip:   1.94 kB │ map:    16.12 kB
dist/assets/HealthStatus-DjE3Qp31.js                4.51 kB │ gzip:   1.67 kB │ map:    10.16 kB
dist/assets/SceneList-D7ba3ucm.js                   4.52 kB │ gzip:   2.26 kB │ map:    12.59 kB
dist/assets/page-DW-XQ4XB.js                        4.55 kB │ gzip:   2.03 kB │ map:    11.75 kB
dist/assets/page-DlpZDYJm.js                        4.69 kB │ gzip:   1.97 kB │ map:    11.63 kB
dist/assets/popover-Cmv-cSxt.js                     4.82 kB │ gzip:   1.86 kB │ map:    19.17 kB
dist/assets/useEntityDraft-DgRMGO2m.js              4.94 kB │ gzip:   2.15 kB │ map:    27.82 kB
dist/assets/detail-DBxOdoI1.js                      5.13 kB │ gzip:   2.26 kB │ map:    14.36 kB
dist/assets/StatePreview-BSqvjGGh.js                5.41 kB │ gzip:   2.28 kB │ map:    21.35 kB
dist/assets/shared-DUSq4nak.js                      5.41 kB │ gzip:   2.06 kB │ map:    15.65 kB
dist/assets/layout-DkKPbeza.js                      5.41 kB │ gzip:   2.13 kB │ map:    15.12 kB
dist/assets/page-Bh4jIjnK.js                        5.50 kB │ gzip:   2.22 kB │ map:    13.39 kB
dist/assets/DeviceReportStatus-CuzXMTJb.js          5.67 kB │ gzip:   2.44 kB │ map:    15.47 kB
dist/assets/page-g4rJLNye.js                        5.72 kB │ gzip:   2.39 kB │ map:    13.78 kB
dist/assets/page-BnYlgQ7K.js                        5.96 kB │ gzip:   2.31 kB │ map:    16.39 kB
dist/assets/websocket-CMPLZdNG.js                   6.10 kB │ gzip:   2.59 kB │ map:    31.25 kB
dist/assets/canvasUtils-DgmdVZnL.js                 6.10 kB │ gzip:   2.09 kB │ map:    22.14 kB
dist/assets/page-_ZFQx-xR.js                        6.31 kB │ gzip:   2.57 kB │ map:    17.87 kB
dist/assets/dialog-CjJXE_LD.js                      6.86 kB │ gzip:   2.53 kB │ map:    24.61 kB
dist/assets/editor-DMC_wo8q.js                      7.25 kB │ gzip:   3.04 kB │ map:    22.38 kB
dist/assets/dist-DAHTpzD9.js                        7.41 kB │ gzip:   2.72 kB │ map:    30.60 kB
dist/assets/page-Bb7ykoqf.js                        8.02 kB │ gzip:   2.71 kB │ map:    23.30 kB
dist/assets/jsx-runtime-BNakU3Ej.js                 8.29 kB │ gzip:   3.15 kB │ map:    30.42 kB
dist/assets/SensorActionPanel-jVsc8-lA.js           8.69 kB │ gzip:   2.63 kB │ map:    28.87 kB
dist/assets/page-CfpGAKvM.js                        8.79 kB │ gzip:   3.46 kB │ map:    30.61 kB
dist/assets/detail-CV9TwdFJ.js                      9.56 kB │ gzip:   3.66 kB │ map:    29.97 kB
dist/assets/SceneScriptEditor-Bqq-ffUO.js           9.71 kB │ gzip:   3.13 kB │ map:    25.21 kB
dist/assets/carHeaterModalState-D9mvVaj_.js        10.26 kB │ gzip:   4.29 kB │ map:    71.79 kB
dist/assets/page-DPNyqUja.js                       10.95 kB │ gzip:   3.68 kB │ map:    30.36 kB
dist/assets/BufferResource-uHHNB3wd.js             11.08 kB │ gzip:   2.86 kB │ map:    26.67 kB
dist/assets/influxdb-p6DNOK9m.js                   11.81 kB │ gzip:   4.30 kB │ map:    43.32 kB
dist/assets/dropdown-menu-BoQVpm0H.js              12.02 kB │ gzip:   4.38 kB │ map:    71.26 kB
dist/assets/page-ByppxR7M.js                       12.29 kB │ gzip:   4.31 kB │ map:    39.75 kB
dist/assets/Viewport-BI2njPMs.js                   13.44 kB │ gzip:   4.80 kB │ map:    46.14 kB
dist/assets/dist-jzg-NtmE.js                       14.02 kB │ gzip:   4.80 kB │ map:    44.01 kB
dist/assets/init-BjnXwq3I.js                       15.42 kB │ gzip:   4.82 kB │ map:    53.93 kB
dist/assets/ColorPickerModal-BTZpUx8q.js           16.32 kB │ gzip:   5.51 kB │ map:    58.87 kB
dist/assets/page-Dwfb_cAJ.js                       17.04 kB │ gzip:   5.11 kB │ map:    47.71 kB
dist/assets/page-BwzLdYll.js                       18.99 kB │ gzip:   5.36 kB │ map:    52.15 kB
dist/assets/detail-JVxYPGnB.js                     20.52 kB │ gzip:   7.30 kB │ map:    60.06 kB
dist/assets/widget-B3WFstYm.js                     20.54 kB │ gzip:   6.48 kB │ map:    60.16 kB
dist/assets/select-CwO0Eamo.js                     21.28 kB │ gzip:   7.40 kB │ map:    87.38 kB
dist/assets/detail-Bc3CRBQJ.js                     23.05 kB │ gzip:   7.46 kB │ map:    71.51 kB
dist/assets/colors-jScq-3Ad.js                     25.12 kB │ gzip:   9.10 kB │ map:    91.28 kB
dist/assets/editor-D6YY6iGW.js                     28.31 kB │ gzip:   9.47 kB │ map:    86.47 kB
dist/assets/FloorplanGridEditor-XGImMW5c.js        29.55 kB │ gzip:   9.03 kB │ map:   111.79 kB
dist/assets/es2015-xMQN77Vl.js                     34.28 kB │ gzip:  11.97 kB │ map:   162.65 kB
dist/assets/responsive-overlay-Cyzvj1kt.js         36.97 kB │ gzip:  11.49 kB │ map:   132.28 kB
dist/assets/useConfig-CdthTpAz.js                  40.60 kB │ gzip:  12.34 kB │ map:   196.52 kB
dist/assets/browserAll-CRnVDWA5.js                 42.71 kB │ gzip:  11.24 kB │ map:   157.52 kB
dist/assets/button-DhlXkyuf.js                     48.42 kB │ gzip:  17.02 kB │ map:   291.63 kB
dist/assets/page-EG_uSU85.js                       57.21 kB │ gzip:  16.60 kB │ map:   188.17 kB
dist/assets/CarHeaterModal-7zHyfB6D.js             59.99 kB │ gzip:  18.44 kB │ map:   238.36 kB
dist/assets/DeviceControls-B1ObSrQc.js             61.68 kB │ gzip:  22.36 kB │ map:   248.96 kB
dist/assets/RenderTargetSystem-B7Y9OBMG.js         78.14 kB │ gzip:  22.12 kB │ map:   288.28 kB
dist/assets/chunk-OB3PAWPO-hmpSf31j.js             95.31 kB │ gzip:  31.54 kB │ map:   503.45 kB
dist/assets/editor-C8Z5yoMN.js                     98.01 kB │ gzip:  25.98 kB │ map:   323.99 kB
dist/assets/CanvasPool-Bv_WirYb.js                109.73 kB │ gzip:  33.36 kB │ map:   537.58 kB
dist/assets/page-C_IMo-1U.js                      117.96 kB │ gzip:  38.65 kB │ map:   436.64 kB
dist/assets/AssistantPanel-YBPrpUHn.js            189.06 kB │ gzip:  56.77 kB │ map: 1,033.08 kB
dist/assets/PixiFloorplanRenderer-Bunvs3IR.js     297.61 kB │ gzip:  89.22 kB │ map: 1,325.95 kB
dist/assets/index-CfJkSs8a.js                     490.57 kB │ gzip: 155.20 kB │ map: 2,206.23 kB

✓ built in 1.09s
