(!) Your Vite config uses features that are unsupported by `configLoader: 'native'`, which is planned to become the default in a future major version of Vite:
  - ESM syntax in a file loaded as CommonJS (vite.config.ts:1:1). Use a `.mjs` extension or set `"type": "module"` in the closest package.json
Set `VITE_CONFIG_NATIVE_IGNORE_WARNING=true` to suppress this warning.
vite v8.3.1 building client environment for production...
transforming...
✓ 4012 modules transformed.
rendering chunks...
computing gzip size...
dist/index.html                                     2.43 kB │ gzip:   0.86 kB
dist/assets/index-CEME0GKl.css                    115.49 kB │ gzip:  19.38 kB
dist/assets/floorplan-D1RgNNyL.js                   0.04 kB │ gzip:   0.06 kB
dist/assets/webworkerAll-BMSCcG__.js                0.07 kB │ gzip:   0.08 kB
dist/assets/device-CH3gUDg-.js                      0.09 kB │ gzip:   0.11 kB │ map:     0.59 kB
dist/assets/excludeUndefined-BW3a6ZHs.js            0.14 kB │ gzip:   0.15 kB │ map:     0.71 kB
dist/assets/useAtom-CCE2qcet.js                     0.14 kB │ gzip:   0.14 kB │ map:     0.66 kB
dist/assets/new-C0DwT8EY.js                         0.18 kB │ gzip:   0.18 kB │ map:     0.31 kB
dist/assets/new-qar0zy0R.js                         0.18 kB │ gzip:   0.17 kB │ map:     0.31 kB
dist/assets/new-w5yzz9bF.js                         0.18 kB │ gzip:   0.18 kB │ map:     0.32 kB
dist/assets/page-DOdd_fGI.js                        0.22 kB │ gzip:   0.20 kB │ map:     0.37 kB
dist/assets/page-BtacdMnw.js                        0.23 kB │ gzip:   0.21 kB │ map:     0.36 kB
dist/assets/clock-3-C5GY-HJb.js                     0.24 kB │ gzip:   0.22 kB │ map:     1.03 kB
dist/assets/sceneModalState-BFp7EiY5.js             0.24 kB │ gzip:   0.21 kB │ map:     0.72 kB
dist/assets/loader-circle-DnEBmZUs.js               0.24 kB │ gzip:   0.22 kB │ map:     0.99 kB
dist/assets/search-B3asCAUn.js                      0.24 kB │ gzip:   0.22 kB │ map:     1.04 kB
dist/assets/detail-Do_MlhAk.js                      0.26 kB │ gzip:   0.22 kB │ map:     0.46 kB
dist/assets/detail-BQWsEKBG.js                      0.26 kB │ gzip:   0.23 kB │ map:     0.46 kB
dist/assets/detail-DhKN6Feb.js                      0.26 kB │ gzip:   0.23 kB │ map:     0.46 kB
dist/assets/skeleton-DHmHmJY-.js                    0.27 kB │ gzip:   0.22 kB │ map:     0.54 kB
dist/assets/info-BL2kGEwv.js                        0.27 kB │ gzip:   0.23 kB │ map:     1.12 kB
dist/assets/circle-check-W7MIslwO.js                0.29 kB │ gzip:   0.24 kB │ map:     1.13 kB
dist/assets/copy-BiTo4qou.js                        0.30 kB │ gzip:   0.26 kB │ map:     1.13 kB
dist/assets/eye-5jnpn54o.js                         0.32 kB │ gzip:   0.25 kB │ map:     1.15 kB
dist/assets/ellipsis-Bi6qbTag.js                    0.33 kB │ gzip:   0.24 kB │ map:     1.27 kB
dist/assets/map-pin-BM22dS1x.js                     0.33 kB │ gzip:   0.28 kB │ map:     1.17 kB
dist/assets/trainSchedule-NtmRJeFw.js               0.35 kB │ gzip:   0.24 kB │ map:     1.56 kB
dist/assets/arrow-up-0lL-MOUG.js                    0.37 kB │ gzip:   0.26 kB │ map:     1.91 kB
dist/assets/configSearch-B5Nj1yha.js                0.39 kB │ gzip:   0.26 kB │ map:     1.43 kB
dist/assets/getTextureBatchBindGroup-B9GyXQ7S.js    0.40 kB │ gzip:   0.32 kB │ map:     1.82 kB
dist/assets/trash-CV9K6x1z.js                       0.41 kB │ gzip:   0.28 kB │ map:     1.40 kB
dist/assets/saveSceneModalState-CbMwhDWS.js         0.42 kB │ gzip:   0.31 kB │ map:     1.78 kB
dist/assets/useAssistantPageContext-BNb-b2Po.js     0.43 kB │ gzip:   0.31 kB │ map:     1.42 kB
dist/assets/useDeviceHealth-CRU6AMiA.js             0.44 kB │ gzip:   0.33 kB │ map:     1.19 kB
dist/assets/form-styles-BPG4qYie.js                 0.45 kB │ gzip:   0.25 kB │ map:     1.12 kB
dist/assets/configItemHref-BnJI6xqE.js              0.49 kB │ gzip:   0.30 kB │ map:     1.73 kB
dist/assets/textarea-CjzgdzBm.js                    0.50 kB │ gzip:   0.34 kB │ map:     0.81 kB
dist/assets/configWriteStatus-D9YZDIjC.js           0.56 kB │ gzip:   0.41 kB │ map:     1.71 kB
dist/assets/settings-sa3NyPG5.js                    0.56 kB │ gzip:   0.31 kB │ map:     1.40 kB
dist/assets/SettingsSection-Hx_OLDQV.js             0.57 kB │ gzip:   0.33 kB │ map:     1.45 kB
dist/assets/dist-Cn8VWVt6.js                        0.58 kB │ gzip:   0.35 kB │ map:     1.82 kB
dist/assets/input-BLmXIkOP.js                       0.59 kB │ gzip:   0.38 kB │ map:     0.91 kB
dist/assets/ConfigTabs-PFb11exi.js                  0.65 kB │ gzip:   0.43 kB │ map:     1.54 kB
dist/assets/useDeepLink-r59mQ32B.js                 0.66 kB │ gzip:   0.41 kB │ map:     2.62 kB
dist/assets/empty-state-DeF0lHTx.js                 0.71 kB │ gzip:   0.41 kB │ map:     1.57 kB
dist/assets/rolldown-runtime-hePW80VL.js            0.71 kB │ gzip:   0.42 kB
dist/assets/label-KFipAFJd.js                       0.72 kB │ gzip:   0.48 kB │ map:     2.23 kB
dist/assets/page-header-Bunpr5fd.js                 0.74 kB │ gzip:   0.41 kB │ map:     1.65 kB
dist/assets/GroupViewport-DGEv1lMa.js               0.79 kB │ gzip:   0.49 kB │ map:     1.83 kB
dist/assets/badge-C0gbP_av.js                       0.84 kB │ gzip:   0.45 kB │ map:     1.63 kB
dist/assets/card-DDMCPW9L.js                        0.85 kB │ gzip:   0.36 kB │ map:     2.16 kB
dist/assets/useSettingsPreferences-9P-Cd0Py.js      0.90 kB │ gzip:   0.54 kB │ map:     2.56 kB
dist/assets/useDevicesApi-BnGunwI4.js               1.02 kB │ gzip:   0.60 kB │ map:     3.33 kB
dist/assets/ConfigListSearchBar-CdRoQgXX.js         1.07 kB │ gzip:   0.62 kB │ map:     2.66 kB
dist/assets/shared-BwH3McDp.js                      1.12 kB │ gzip:   0.61 kB │ map:     3.04 kB
dist/assets/atomWithStorage-BPuXvBbE.js             1.21 kB │ gzip:   0.64 kB │ map:     6.80 kB
dist/assets/preload-helper-BZ1Pz5am.js              1.21 kB │ gzip:   0.69 kB
dist/assets/shared-lLF3IAeR.js                      1.29 kB │ gzip:   0.70 kB │ map:     3.95 kB
dist/assets/IdentityFields-b9fQTqFs.js              1.34 kB │ gzip:   0.77 kB │ map:     4.17 kB
dist/assets/shared-AxIajiUR.js                      1.43 kB │ gzip:   0.73 kB │ map:     3.74 kB
dist/assets/dashboardEditing-C68H6tDI.js            1.49 kB │ gzip:   0.70 kB │ map:     8.83 kB
dist/assets/page-26aWIeeH.js                        1.59 kB │ gzip:   0.80 kB │ map:     3.35 kB
dist/assets/groupGraph-CelbX4Mp.js                  1.77 kB │ gzip:   0.85 kB │ map:     8.85 kB
dist/assets/page-KjUNus8V.js                        1.80 kB │ gzip:   0.88 kB │ map:     4.01 kB
dist/assets/SceneModal-B9gVtW6J.js                  2.02 kB │ gzip:   0.99 kB │ map:     5.98 kB
dist/assets/ReportingPolicyField-Di60WNal.js        2.08 kB │ gzip:   0.93 kB │ map:     4.73 kB
dist/assets/config-form-BEmas4i7.js                 2.26 kB │ gzip:   0.81 kB │ map:     6.06 kB
dist/assets/SaveSceneModal-CStWCTOH.js              2.26 kB │ gzip:   1.19 kB │ map:     7.35 kB
dist/assets/sceneTargets-w3Wm2Aot.js                2.57 kB │ gzip:   1.15 kB │ map:    11.95 kB
dist/assets/page-BS2oE4X8.js                        2.69 kB │ gzip:   1.34 kB │ map:     6.04 kB
dist/assets/EntityPicker-BaQwsCPz.js                2.80 kB │ gzip:   1.25 kB │ map:     7.72 kB
dist/assets/page-esL0loBQ.js                        2.83 kB │ gzip:   1.42 kB │ map:     6.60 kB
dist/assets/page-BqLj5ZLO.js                        2.88 kB │ gzip:   1.37 kB │ map:     6.39 kB
dist/assets/shared-CE6B8DZS.js                      3.14 kB │ gzip:   1.22 kB │ map:     8.97 kB
dist/assets/tabs-CxKfvVgE.js                        3.38 kB │ gzip:   1.49 kB │ map:    12.32 kB
dist/assets/SceneColorControl-CGXkOuVn.js           3.52 kB │ gzip:   1.47 kB │ map:    11.38 kB
dist/assets/page-C-YL2PUf.js                        3.73 kB │ gzip:   1.74 kB │ map:     9.51 kB
dist/assets/SearchablePicker-M7BhkTtH.js            3.91 kB │ gzip:   1.60 kB │ map:    11.73 kB
dist/assets/EntitySaveBar-B_UKfjsD.js               4.12 kB │ gzip:   1.92 kB │ map:    12.16 kB
dist/assets/DetailPageShell-BhkP2L5i.js             4.26 kB │ gzip:   1.79 kB │ map:    15.12 kB
dist/assets/dist-c0FkwAy9.js                        4.27 kB │ gzip:   1.89 kB │ map:    17.18 kB
dist/assets/JsonValueEditor-BovOYit1.js             4.33 kB │ gzip:   1.69 kB │ map:    13.36 kB
dist/assets/checkbox-D6mctw6x.js                    4.45 kB │ gzip:   1.94 kB │ map:    16.12 kB
dist/assets/HealthStatus-CY6FpKgr.js                4.51 kB │ gzip:   1.67 kB │ map:    10.16 kB
dist/assets/SceneList-C2wbAaQN.js                   4.52 kB │ gzip:   2.26 kB │ map:    12.59 kB
dist/assets/page-BfrpyZ8-.js                        4.55 kB │ gzip:   2.03 kB │ map:    11.75 kB
dist/assets/page-D8lmSVIH.js                        4.69 kB │ gzip:   1.97 kB │ map:    11.63 kB
dist/assets/popover-BcDnomBR.js                     4.82 kB │ gzip:   1.86 kB │ map:    19.17 kB
dist/assets/useEntityDraft-CdRcFz_b.js              4.94 kB │ gzip:   2.15 kB │ map:    27.82 kB
dist/assets/detail-cW7fi983.js                      5.13 kB │ gzip:   2.26 kB │ map:    14.36 kB
dist/assets/StatePreview-BSqvjGGh.js                5.41 kB │ gzip:   2.28 kB │ map:    21.35 kB
dist/assets/shared-BIvCot_I.js                      5.41 kB │ gzip:   2.06 kB │ map:    15.65 kB
dist/assets/layout-CyrzQyj8.js                      5.41 kB │ gzip:   2.13 kB │ map:    15.12 kB
dist/assets/DeviceReportStatus-DjHlpsVv.js          5.67 kB │ gzip:   2.44 kB │ map:    15.47 kB
dist/assets/page-OUaWkGog.js                        5.72 kB │ gzip:   2.39 kB │ map:    13.78 kB
dist/assets/page-B70JMjjS.js                        5.96 kB │ gzip:   2.30 kB │ map:    16.39 kB
dist/assets/websocket-CMPLZdNG.js                   6.10 kB │ gzip:   2.59 kB │ map:    31.25 kB
dist/assets/canvasUtils-DgmdVZnL.js                 6.10 kB │ gzip:   2.09 kB │ map:    22.14 kB
dist/assets/page-DegO6UNr.js                        6.31 kB │ gzip:   2.56 kB │ map:    17.87 kB
dist/assets/dialog-CjJXE_LD.js                      6.86 kB │ gzip:   2.53 kB │ map:    24.61 kB
dist/assets/editor-P5q0gKz_.js                      7.25 kB │ gzip:   3.04 kB │ map:    22.38 kB
dist/assets/dist-DAHTpzD9.js                        7.41 kB │ gzip:   2.72 kB │ map:    30.60 kB
dist/assets/page-B63EKwAX.js                        8.02 kB │ gzip:   2.71 kB │ map:    23.30 kB
dist/assets/jsx-runtime-BNakU3Ej.js                 8.29 kB │ gzip:   3.15 kB │ map:    30.42 kB
dist/assets/SensorActionPanel-DfLVJD2f.js           8.69 kB │ gzip:   2.63 kB │ map:    28.87 kB
dist/assets/page-DUucYQbk.js                        8.79 kB │ gzip:   3.46 kB │ map:    30.61 kB
dist/assets/detail-DV9BBIU7.js                      9.56 kB │ gzip:   3.66 kB │ map:    29.97 kB
dist/assets/SceneScriptEditor-Bqq-ffUO.js           9.71 kB │ gzip:   3.13 kB │ map:    25.21 kB
dist/assets/carHeaterModalState-D9mvVaj_.js        10.26 kB │ gzip:   4.29 kB │ map:    71.79 kB
dist/assets/BufferResource-uHHNB3wd.js             11.08 kB │ gzip:   2.86 kB │ map:    26.67 kB
dist/assets/page-Lkn5iPyT.js                       11.11 kB │ gzip:   4.25 kB │ map:    28.38 kB
dist/assets/page-OFZtHvOr.js                       11.11 kB │ gzip:   3.79 kB │ map:    31.40 kB
dist/assets/influxdb-CjVIn3Tu.js                   11.81 kB │ gzip:   4.30 kB │ map:    43.32 kB
dist/assets/dropdown-menu-x_v344Zk.js              12.02 kB │ gzip:   4.39 kB │ map:    71.26 kB
dist/assets/page-BXKr23uv.js                       12.29 kB │ gzip:   4.31 kB │ map:    39.75 kB
dist/assets/Viewport-BC2SdhCq.js                   13.44 kB │ gzip:   4.80 kB │ map:    46.14 kB
dist/assets/dist-jzg-NtmE.js                       14.02 kB │ gzip:   4.80 kB │ map:    44.01 kB
dist/assets/init-lhUU4QCb.js                       15.42 kB │ gzip:   4.82 kB │ map:    53.93 kB
dist/assets/ColorPickerModal-C5hYU46e.js           16.32 kB │ gzip:   5.50 kB │ map:    58.87 kB
dist/assets/page-Cu72BbdU.js                       17.04 kB │ gzip:   5.11 kB │ map:    47.71 kB
dist/assets/page-CuRohliw.js                       18.99 kB │ gzip:   5.36 kB │ map:    52.15 kB
dist/assets/detail-BrAAcHO4.js                     20.52 kB │ gzip:   7.29 kB │ map:    60.06 kB
dist/assets/widget-Cj97-MGd.js                     20.54 kB │ gzip:   6.47 kB │ map:    60.16 kB
dist/assets/select-CuhfYYgC.js                     21.28 kB │ gzip:   7.40 kB │ map:    87.38 kB
dist/assets/detail-C4xKXHLw.js                     23.05 kB │ gzip:   7.45 kB │ map:    71.51 kB
dist/assets/colors-jScq-3Ad.js                     25.12 kB │ gzip:   9.10 kB │ map:    91.28 kB
dist/assets/editor-C56Ny9Xf.js                     28.31 kB │ gzip:   9.47 kB │ map:    86.47 kB
dist/assets/FloorplanGridEditor-XGImMW5c.js        29.55 kB │ gzip:   9.03 kB │ map:   111.79 kB
dist/assets/es2015-xMQN77Vl.js                     34.28 kB │ gzip:  11.97 kB │ map:   162.65 kB
dist/assets/responsive-overlay-BFeFVSHZ.js         36.97 kB │ gzip:  11.49 kB │ map:   132.28 kB
dist/assets/useConfig-BJcwJ-hR.js                  41.06 kB │ gzip:  12.45 kB │ map:   198.59 kB
dist/assets/browserAll-C3Hnqupr.js                 42.71 kB │ gzip:  11.24 kB │ map:   157.52 kB
dist/assets/button-DhlXkyuf.js                     48.42 kB │ gzip:  17.02 kB │ map:   291.63 kB
dist/assets/page-CVaG--Zp.js                       57.21 kB │ gzip:  16.60 kB │ map:   188.17 kB
dist/assets/CarHeaterModal-FHTIEpZj.js             59.99 kB │ gzip:  18.44 kB │ map:   238.36 kB
dist/assets/DeviceControls-C0_LBc2o.js             61.68 kB │ gzip:  22.36 kB │ map:   248.96 kB
dist/assets/RenderTargetSystem-B7Y9OBMG.js         78.14 kB │ gzip:  22.12 kB │ map:   288.28 kB
dist/assets/chunk-OB3PAWPO-hmpSf31j.js             95.31 kB │ gzip:  31.54 kB │ map:   503.45 kB
dist/assets/editor-BOXV-qQr.js                     98.01 kB │ gzip:  25.98 kB │ map:   323.99 kB
dist/assets/CanvasPool-Bv_WirYb.js                109.73 kB │ gzip:  33.36 kB │ map:   537.58 kB
dist/assets/page-DbXhSVen.js                      117.96 kB │ gzip:  38.65 kB │ map:   436.64 kB
dist/assets/AssistantPanel-CJqdNVnr.js            189.06 kB │ gzip:  56.78 kB │ map: 1,033.08 kB
dist/assets/PixiFloorplanRenderer-CL6e3fcV.js     297.61 kB │ gzip:  89.22 kB │ map: 1,325.95 kB
dist/assets/index-Cewubbx2.js                     490.54 kB │ gzip: 155.17 kB │ map: 2,206.23 kB

✓ built in 960ms
