(!) Your Vite config uses features that are unsupported by `configLoader: 'native'`, which is planned to become the default in a future major version of Vite:
  - ESM syntax in a file loaded as CommonJS (vite.config.ts:1:1). Use a `.mjs` extension or set `"type": "module"` in the closest package.json
Set `VITE_CONFIG_NATIVE_IGNORE_WARNING=true` to suppress this warning.
vite v8.3.1 building client environment for production...
transforming...
✓ 4003 modules transformed.
rendering chunks...
computing gzip size...
dist/index.html                                     2.26 kB │ gzip:   0.82 kB
dist/assets/index-CmMjbHRk.css                    114.74 kB │ gzip:  19.27 kB
dist/assets/floorplan-B7Zw-VOf.js                   0.04 kB │ gzip:   0.06 kB
dist/assets/webworkerAll-C_hKTIVm.js                0.07 kB │ gzip:   0.08 kB
dist/assets/device-CH3gUDg-.js                      0.09 kB │ gzip:   0.11 kB │ map:     0.59 kB
dist/assets/excludeUndefined-BW3a6ZHs.js            0.14 kB │ gzip:   0.15 kB │ map:     0.71 kB
dist/assets/useAtom-CCE2qcet.js                     0.14 kB │ gzip:   0.14 kB │ map:     0.66 kB
dist/assets/new-D6et0fgT.js                         0.18 kB │ gzip:   0.17 kB │ map:     0.31 kB
dist/assets/new-DxeCusBE.js                         0.18 kB │ gzip:   0.17 kB │ map:     0.32 kB
dist/assets/new-uBHIg2KH.js                         0.18 kB │ gzip:   0.17 kB │ map:     0.31 kB
dist/assets/page-B14Ker6m.js                        0.22 kB │ gzip:   0.20 kB │ map:     0.37 kB
dist/assets/page-BWMVu2uP.js                        0.22 kB │ gzip:   0.20 kB │ map:     0.36 kB
dist/assets/clock-3-C5GY-HJb.js                     0.24 kB │ gzip:   0.22 kB │ map:     1.03 kB
dist/assets/sceneModalState-BFp7EiY5.js             0.24 kB │ gzip:   0.21 kB │ map:     0.72 kB
dist/assets/loader-circle-DnEBmZUs.js               0.24 kB │ gzip:   0.22 kB │ map:     0.99 kB
dist/assets/search-B3asCAUn.js                      0.24 kB │ gzip:   0.22 kB │ map:     1.04 kB
dist/assets/detail-BGlQjLfh.js                      0.25 kB │ gzip:   0.21 kB │ map:     0.46 kB
dist/assets/detail-BwzgXmyH.js                      0.25 kB │ gzip:   0.21 kB │ map:     0.46 kB
dist/assets/detail-QwtsMR-y.js                      0.26 kB │ gzip:   0.21 kB │ map:     0.46 kB
dist/assets/skeleton-DHmHmJY-.js                    0.27 kB │ gzip:   0.22 kB │ map:     0.54 kB
dist/assets/info-BL2kGEwv.js                        0.27 kB │ gzip:   0.23 kB │ map:     1.12 kB
dist/assets/circle-check-W7MIslwO.js                0.29 kB │ gzip:   0.24 kB │ map:     1.13 kB
dist/assets/upload-mKMD5OWy.js                      0.30 kB │ gzip:   0.24 kB │ map:     1.13 kB
dist/assets/copy-BiTo4qou.js                        0.30 kB │ gzip:   0.26 kB │ map:     1.13 kB
dist/assets/eye-5jnpn54o.js                         0.32 kB │ gzip:   0.25 kB │ map:     1.15 kB
dist/assets/ellipsis-Bi6qbTag.js                    0.33 kB │ gzip:   0.24 kB │ map:     1.27 kB
dist/assets/map-pin-BM22dS1x.js                     0.33 kB │ gzip:   0.28 kB │ map:     1.17 kB
dist/assets/arrow-up-0lL-MOUG.js                    0.37 kB │ gzip:   0.26 kB │ map:     1.91 kB
dist/assets/configSearch-B5Nj1yha.js                0.39 kB │ gzip:   0.26 kB │ map:     1.43 kB
dist/assets/getTextureBatchBindGroup-B9GyXQ7S.js    0.40 kB │ gzip:   0.32 kB │ map:     1.82 kB
dist/assets/trash-CV9K6x1z.js                       0.41 kB │ gzip:   0.28 kB │ map:     1.40 kB
dist/assets/saveSceneModalState-CbMwhDWS.js         0.42 kB │ gzip:   0.31 kB │ map:     1.78 kB
dist/assets/useAssistantPageContext-DfKn_Fu-.js     0.43 kB │ gzip:   0.31 kB │ map:     1.42 kB
dist/assets/useDeviceHealth-DsELsO3u.js             0.44 kB │ gzip:   0.33 kB │ map:     1.19 kB
dist/assets/form-styles-BPG4qYie.js                 0.45 kB │ gzip:   0.25 kB │ map:     1.12 kB
dist/assets/configItemHref-BnJI6xqE.js              0.49 kB │ gzip:   0.30 kB │ map:     1.73 kB
dist/assets/textarea-CjzgdzBm.js                    0.50 kB │ gzip:   0.34 kB │ map:     0.81 kB
dist/assets/configWriteStatus-18wFqFyY.js           0.55 kB │ gzip:   0.40 kB │ map:     1.61 kB
dist/assets/settings-sa3NyPG5.js                    0.56 kB │ gzip:   0.31 kB │ map:     1.40 kB
dist/assets/SettingsSection-Hx_OLDQV.js             0.57 kB │ gzip:   0.33 kB │ map:     1.45 kB
dist/assets/dist-Cn8VWVt6.js                        0.58 kB │ gzip:   0.35 kB │ map:     1.82 kB
dist/assets/input-BLmXIkOP.js                       0.59 kB │ gzip:   0.38 kB │ map:     0.91 kB
dist/assets/ConfigTabs-WT3_3T36.js                  0.65 kB │ gzip:   0.43 kB │ map:     1.54 kB
dist/assets/useDeepLink-DxOfIQiH.js                 0.65 kB │ gzip:   0.41 kB │ map:     2.62 kB
dist/assets/empty-state-DeF0lHTx.js                 0.71 kB │ gzip:   0.41 kB │ map:     1.57 kB
dist/assets/rolldown-runtime-hePW80VL.js            0.71 kB │ gzip:   0.42 kB
dist/assets/label-KFipAFJd.js                       0.72 kB │ gzip:   0.48 kB │ map:     2.23 kB
dist/assets/page-header-Bunpr5fd.js                 0.74 kB │ gzip:   0.41 kB │ map:     1.65 kB
dist/assets/GroupViewport-o5DGZVcX.js               0.77 kB │ gzip:   0.49 kB │ map:     1.83 kB
dist/assets/useSettingsPreferences-CAOxwdgr.js      0.80 kB │ gzip:   0.50 kB │ map:     2.31 kB
dist/assets/badge-C0gbP_av.js                       0.84 kB │ gzip:   0.45 kB │ map:     1.63 kB
dist/assets/card-DDMCPW9L.js                        0.85 kB │ gzip:   0.36 kB │ map:     2.16 kB
dist/assets/useDevicesApi-ClASEiw1.js               1.02 kB │ gzip:   0.60 kB │ map:     3.33 kB
dist/assets/ConfigListSearchBar-CdRoQgXX.js         1.07 kB │ gzip:   0.62 kB │ map:     2.66 kB
dist/assets/advanced-BgnodJbN.js                    1.15 kB │ gzip:   0.64 kB │ map:     2.84 kB
dist/assets/atomWithStorage-BPuXvBbE.js             1.21 kB │ gzip:   0.64 kB │ map:     6.80 kB
dist/assets/preload-helper-BZ1Pz5am.js              1.21 kB │ gzip:   0.69 kB
dist/assets/IdentityFields-Bl5cf8BA.js              1.34 kB │ gzip:   0.77 kB │ map:     4.17 kB
dist/assets/shared-AxIajiUR.js                      1.43 kB │ gzip:   0.73 kB │ map:     3.74 kB
dist/assets/groupGraph-CelbX4Mp.js                  1.77 kB │ gzip:   0.85 kB │ map:     8.85 kB
dist/assets/SceneModal-TTuz9hwZ.js                  2.02 kB │ gzip:   0.99 kB │ map:     5.98 kB
dist/assets/ReportingPolicyField-C8z6Bjse.js        2.07 kB │ gzip:   0.93 kB │ map:     4.73 kB
dist/assets/config-form-BEmas4i7.js                 2.26 kB │ gzip:   0.81 kB │ map:     6.06 kB
dist/assets/SaveSceneModal-DQZyOqi_.js              2.26 kB │ gzip:   1.19 kB │ map:     7.35 kB
dist/assets/sceneTargets-w3Wm2Aot.js                2.57 kB │ gzip:   1.15 kB │ map:    11.95 kB
dist/assets/page-9dWeS6vi.js                        2.65 kB │ gzip:   1.32 kB │ map:     6.04 kB
dist/assets/page-BqlzGeEt.js                        2.79 kB │ gzip:   1.40 kB │ map:     6.60 kB
dist/assets/EntityPicker-aghWov84.js                2.80 kB │ gzip:   1.26 kB │ map:     7.72 kB
dist/assets/page-CymJW1sS.js                        2.84 kB │ gzip:   1.35 kB │ map:     6.39 kB
dist/assets/shared-DoFgReTP.js                      3.14 kB │ gzip:   1.21 kB │ map:     8.97 kB
dist/assets/tabs-CxKfvVgE.js                        3.38 kB │ gzip:   1.49 kB │ map:    12.32 kB
dist/assets/SceneColorControl-CGXkOuVn.js           3.52 kB │ gzip:   1.47 kB │ map:    11.38 kB
dist/assets/page-CXWN_zxs.js                        3.69 kB │ gzip:   1.72 kB │ map:     9.51 kB
dist/assets/SearchablePicker-D47b5AHj.js            3.87 kB │ gzip:   1.58 kB │ map:    11.73 kB
dist/assets/EntitySaveBar-C5oLaqUE.js               4.10 kB │ gzip:   1.90 kB │ map:    12.04 kB
dist/assets/DetailPageShell-BYwrg73K.js             4.22 kB │ gzip:   1.78 kB │ map:    15.12 kB
dist/assets/switch-DwfSaamJ.js                      4.23 kB │ gzip:   1.85 kB │ map:    14.68 kB
dist/assets/dist-c0FkwAy9.js                        4.27 kB │ gzip:   1.89 kB │ map:    17.18 kB
dist/assets/JsonValueEditor-CQOi6ql_.js             4.29 kB │ gzip:   1.67 kB │ map:    13.36 kB
dist/assets/checkbox-Bi4buC7R.js                    4.45 kB │ gzip:   1.94 kB │ map:    16.12 kB
dist/assets/SceneList-yClPAbVJ.js                   4.48 kB │ gzip:   2.24 kB │ map:    12.59 kB
dist/assets/HealthStatus-D7qU_Mll.js                4.50 kB │ gzip:   1.66 kB │ map:    10.16 kB
dist/assets/page-yKPlaHeQ.js                        4.51 kB │ gzip:   2.01 kB │ map:    11.75 kB
dist/assets/page-C7wRml9g.js                        4.65 kB │ gzip:   1.95 kB │ map:    11.63 kB
dist/assets/popover-BgJ8KjLW.js                     4.82 kB │ gzip:   1.87 kB │ map:    19.17 kB
dist/assets/shared-DU6fPDVg.js                      5.37 kB │ gzip:   2.04 kB │ map:    15.65 kB
dist/assets/StatePreview-BSqvjGGh.js                5.41 kB │ gzip:   2.28 kB │ map:    21.35 kB
dist/assets/page-Fa7PXcUg.js                        5.50 kB │ gzip:   2.23 kB │ map:    13.39 kB
dist/assets/DeviceReportStatus-Df-NWg_f.js          5.67 kB │ gzip:   2.44 kB │ map:    15.47 kB
dist/assets/page-CnO5MTVq.js                        5.68 kB │ gzip:   2.36 kB │ map:    13.78 kB
dist/assets/page-cuCAwMSg.js                        5.92 kB │ gzip:   2.28 kB │ map:    16.39 kB
dist/assets/websocket-CMPLZdNG.js                   6.10 kB │ gzip:   2.59 kB │ map:    31.25 kB
dist/assets/canvasUtils-DgmdVZnL.js                 6.10 kB │ gzip:   2.09 kB │ map:    22.14 kB
dist/assets/page-C-DqQRgN.js                        6.27 kB │ gzip:   2.55 kB │ map:    17.87 kB
dist/assets/dialog-CjJXE_LD.js                      6.86 kB │ gzip:   2.53 kB │ map:    24.61 kB
dist/assets/editor-CFZhHN2t.js                      7.18 kB │ gzip:   3.01 kB │ map:    22.38 kB
dist/assets/dist-DAHTpzD9.js                        7.41 kB │ gzip:   2.72 kB │ map:    30.60 kB
dist/assets/page-B8HTlRvB.js                        7.94 kB │ gzip:   2.65 kB │ map:    23.09 kB
dist/assets/jsx-runtime-BNakU3Ej.js                 8.29 kB │ gzip:   3.15 kB │ map:    30.42 kB
dist/assets/SensorActionPanel-DaNA3ugv.js           8.69 kB │ gzip:   2.63 kB │ map:    28.87 kB
dist/assets/page-BaviXTuq.js                        8.75 kB │ gzip:   3.45 kB │ map:    30.61 kB
dist/assets/detail-D3zL5Sje.js                      9.48 kB │ gzip:   3.62 kB │ map:    29.97 kB
dist/assets/SceneScriptEditor-Bqq-ffUO.js           9.71 kB │ gzip:   3.13 kB │ map:    25.21 kB
dist/assets/carHeaterModalState-D9mvVaj_.js        10.26 kB │ gzip:   4.29 kB │ map:    71.79 kB
dist/assets/page-DeO4kc-A.js                       10.95 kB │ gzip:   3.68 kB │ map:    30.36 kB
dist/assets/BufferResource-uHHNB3wd.js             11.08 kB │ gzip:   2.86 kB │ map:    26.67 kB
dist/assets/influxdb-CgeAxT2D.js                   11.56 kB │ gzip:   4.24 kB │ map:    42.43 kB
dist/assets/dropdown-menu-Ck_eClKM.js              12.02 kB │ gzip:   4.39 kB │ map:    71.26 kB
dist/assets/page-DcGiNxgj.js                       12.25 kB │ gzip:   4.29 kB │ map:    39.75 kB
dist/assets/Viewport-BL_pY6cb.js                   13.40 kB │ gzip:   4.78 kB │ map:    46.14 kB
dist/assets/dist-jzg-NtmE.js                       14.02 kB │ gzip:   4.80 kB │ map:    44.01 kB
dist/assets/init-BjnXwq3I.js                       15.42 kB │ gzip:   4.82 kB │ map:    53.93 kB
dist/assets/ColorPickerModal-DATuU56a.js           16.28 kB │ gzip:   5.49 kB │ map:    58.87 kB
dist/assets/page-E-CHqgbK.js                       17.98 kB │ gzip:   5.61 kB │ map:    50.44 kB
dist/assets/page-C03b4-kD.js                       18.08 kB │ gzip:   5.07 kB │ map:    49.40 kB
dist/assets/detail-co2iGe1A.js                     20.44 kB │ gzip:   7.26 kB │ map:    60.06 kB
dist/assets/select-BrGDiZf_.js                     21.28 kB │ gzip:   7.40 kB │ map:    87.38 kB
dist/assets/detail-DXtDJkJ4.js                     22.97 kB │ gzip:   7.41 kB │ map:    71.51 kB
dist/assets/colors-jScq-3Ad.js                     25.12 kB │ gzip:   9.10 kB │ map:    91.28 kB
dist/assets/editor-DQg8OGus.js                     28.24 kB │ gzip:   9.43 kB │ map:    86.47 kB
dist/assets/FloorplanGridEditor-XGImMW5c.js        29.55 kB │ gzip:   9.03 kB │ map:   111.79 kB
dist/assets/es2015-xMQN77Vl.js                     34.28 kB │ gzip:  11.97 kB │ map:   162.65 kB
dist/assets/responsive-overlay-DXNEY0Ik.js         36.97 kB │ gzip:  11.49 kB │ map:   132.28 kB
dist/assets/useConfig-CdthTpAz.js                  40.60 kB │ gzip:  12.34 kB │ map:   196.52 kB
dist/assets/browserAll-CRnVDWA5.js                 42.71 kB │ gzip:  11.24 kB │ map:   157.52 kB
dist/assets/button-DhlXkyuf.js                     48.42 kB │ gzip:  17.02 kB │ map:   291.63 kB
dist/assets/CarHeaterModal-DDZd4yc2.js             56.05 kB │ gzip:  17.07 kB │ map:   223.77 kB
dist/assets/page-DRitnGt2.js                       57.14 kB │ gzip:  16.56 kB │ map:   188.17 kB
dist/assets/DeviceControls-DVURQ6ZX.js             61.68 kB │ gzip:  22.37 kB │ map:   248.96 kB
dist/assets/RenderTargetSystem-B7Y9OBMG.js         78.14 kB │ gzip:  22.12 kB │ map:   288.28 kB
dist/assets/editor-CX3vliq3.js                     97.94 kB │ gzip:  25.97 kB │ map:   323.99 kB
dist/assets/CanvasPool-Bv_WirYb.js                109.73 kB │ gzip:  33.36 kB │ map:   537.58 kB
dist/assets/page-CQRrRAUg.js                      136.20 kB │ gzip:  42.92 kB │ map:   495.55 kB
dist/assets/AssistantPanel-B4r1UnNE.js            189.06 kB │ gzip:  56.77 kB │ map: 1,033.08 kB
dist/assets/PixiFloorplanRenderer-Bunvs3IR.js     297.61 kB │ gzip:  89.22 kB │ map: 1,325.95 kB
dist/assets/index-BHF5XtIv.js                     588.59 kB │ gzip: 187.25 kB │ map: 2,734.20 kB

[plugin builtin:vite-reporter]
(!) Some chunks are larger than 500 kB after minification. Consider:
- Using dynamic import() to code-split the application
- Use build.rolldownOptions.output.codeSplitting to improve chunking: https://rolldown.rs/reference/OutputOptions.codeSplitting
- Adjust chunk size limit for this warning via build.chunkSizeWarningLimit.
✓ built in 1.05s
