(!) Your Vite config uses features that are unsupported by `configLoader: 'native'`, which is planned to become the default in a future major version of Vite:
  - ESM syntax in a file loaded as CommonJS (vite.config.ts:1:1). Use a `.mjs` extension or set `"type": "module"` in the closest package.json
Set `VITE_CONFIG_NATIVE_IGNORE_WARNING=true` to suppress this warning.
vite v8.3.1 building client environment for production...
transforming...
✓ 4100 modules transformed.
rendering chunks...
computing gzip size...
dist/index.html                                     2.42 kB │ gzip:   0.85 kB
dist/assets/index-Gf8jTuNS.css                    115.24 kB │ gzip:  19.31 kB
dist/assets/floorplan-6jv9wKrH.js                   0.04 kB │ gzip:   0.06 kB
dist/assets/webworkerAll-CQRpIoRP.js                0.07 kB │ gzip:   0.08 kB
dist/assets/device-CH3gUDg-.js                      0.09 kB │ gzip:   0.11 kB │ map:     0.59 kB
dist/assets/excludeUndefined-BW3a6ZHs.js            0.14 kB │ gzip:   0.15 kB │ map:     0.71 kB
dist/assets/useAtom-DEQI-R0W.js                     0.14 kB │ gzip:   0.15 kB │ map:     0.66 kB
dist/assets/new-B45xsOy9.js                         0.18 kB │ gzip:   0.17 kB │ map:     0.31 kB
dist/assets/new-Bb_tb7wo.js                         0.18 kB │ gzip:   0.17 kB │ map:     0.32 kB
dist/assets/new-Bo_eJNRa.js                         0.18 kB │ gzip:   0.17 kB │ map:     0.31 kB
dist/assets/page-ClblEd4P.js                        0.22 kB │ gzip:   0.20 kB │ map:     0.37 kB
dist/assets/page-etWTBm2w.js                        0.22 kB │ gzip:   0.20 kB │ map:     0.36 kB
dist/assets/clock-3-B6iur-DE.js                     0.24 kB │ gzip:   0.22 kB │ map:     1.03 kB
dist/assets/sceneModalState-DJvfEus9.js             0.24 kB │ gzip:   0.21 kB │ map:     0.72 kB
dist/assets/loader-circle-im_oJIve.js               0.24 kB │ gzip:   0.22 kB │ map:     0.99 kB
dist/assets/search-D_wV0tCB.js                      0.24 kB │ gzip:   0.22 kB │ map:     1.04 kB
dist/assets/detail-BpzbBsBf.js                      0.25 kB │ gzip:   0.21 kB │ map:     0.46 kB
dist/assets/detail-DYuwEFs8.js                      0.25 kB │ gzip:   0.21 kB │ map:     0.46 kB
dist/assets/detail-ZlProK2d.js                      0.26 kB │ gzip:   0.22 kB │ map:     0.46 kB
dist/assets/skeleton-CR3d2Jq8.js                    0.27 kB │ gzip:   0.22 kB │ map:     0.54 kB
dist/assets/info-CDs_KccI.js                        0.27 kB │ gzip:   0.23 kB │ map:     1.12 kB
dist/assets/circle-check-B18gz77R.js                0.29 kB │ gzip:   0.24 kB │ map:     1.13 kB
dist/assets/upload-qmFNAAKW.js                      0.30 kB │ gzip:   0.25 kB │ map:     1.13 kB
dist/assets/copy-Bp9upSho.js                        0.30 kB │ gzip:   0.26 kB │ map:     1.13 kB
dist/assets/ellipsis-H0SMwXOV.js                    0.33 kB │ gzip:   0.24 kB │ map:     1.27 kB
dist/assets/map-pin-DmXhkNIB.js                     0.33 kB │ gzip:   0.28 kB │ map:     1.17 kB
dist/assets/zap-cEUbvVfW.js                         0.34 kB │ gzip:   0.27 kB │ map:     1.07 kB
dist/assets/configSearch-B5Nj1yha.js                0.39 kB │ gzip:   0.26 kB │ map:     1.43 kB
dist/assets/getTextureBatchBindGroup-B9GyXQ7S.js    0.40 kB │ gzip:   0.32 kB │ map:     1.82 kB
dist/assets/trash-DHmq03zf.js                       0.41 kB │ gzip:   0.28 kB │ map:     1.40 kB
dist/assets/saveSceneModalState-D6uBPYQR.js         0.42 kB │ gzip:   0.31 kB │ map:     1.78 kB
dist/assets/useAssistantPageContext-COiv8Kq7.js     0.43 kB │ gzip:   0.31 kB │ map:     1.42 kB
dist/assets/configItemHref-BnJI6xqE.js              0.49 kB │ gzip:   0.30 kB │ map:     1.73 kB
dist/assets/textarea-DD1QwiYt.js                    0.50 kB │ gzip:   0.34 kB │ map:     0.81 kB
dist/assets/configWriteStatus-oX6JSOwp.js           0.55 kB │ gzip:   0.40 kB │ map:     1.61 kB
dist/assets/settings-C0a1MVEV.js                    0.56 kB │ gzip:   0.31 kB │ map:     1.40 kB
dist/assets/SettingsSection-Hx_OLDQV.js             0.57 kB │ gzip:   0.33 kB │ map:     1.45 kB
dist/assets/dist-Cn8VWVt6.js                        0.58 kB │ gzip:   0.35 kB │ map:     1.82 kB
dist/assets/input-ZQ7aT23w.js                       0.59 kB │ gzip:   0.38 kB │ map:     0.91 kB
dist/assets/eye-vzWYPFk2.js                         0.60 kB │ gzip:   0.36 kB │ map:     2.95 kB
dist/assets/ConfigTabs-DAvvtg2s.js                  0.65 kB │ gzip:   0.42 kB │ map:     1.54 kB
dist/assets/deviceReachability-B1cmP_v4.js          0.65 kB │ gzip:   0.40 kB │ map:     2.11 kB
dist/assets/useDeepLink-f5s7gRTC.js                 0.65 kB │ gzip:   0.40 kB │ map:     2.62 kB
dist/assets/form-styles-DdT2R1Di.js                 0.69 kB │ gzip:   0.27 kB │ map:     1.13 kB
dist/assets/empty-state-DOsuyAtJ.js                 0.71 kB │ gzip:   0.41 kB │ map:     1.57 kB
dist/assets/rolldown-runtime-hePW80VL.js            0.71 kB │ gzip:   0.42 kB
dist/assets/label-CQIaj3_F.js                       0.72 kB │ gzip:   0.47 kB │ map:     2.23 kB
dist/assets/GroupViewport-Cgl1l7k3.js               0.74 kB │ gzip:   0.47 kB │ map:     1.83 kB
dist/assets/page-header-CuXUU1bH.js                 0.74 kB │ gzip:   0.41 kB │ map:     1.65 kB
dist/assets/useSettingsPreferences-BCij00RW.js      0.84 kB │ gzip:   0.51 kB │ map:     2.31 kB
dist/assets/badge-WK-hKGQp.js                       0.84 kB │ gzip:   0.45 kB │ map:     1.63 kB
dist/assets/card-CfnqMCZ0.js                        0.85 kB │ gzip:   0.36 kB │ map:     2.16 kB
dist/assets/StatusRegion-X2Hen1we.js                0.86 kB │ gzip:   0.51 kB │ map:     2.53 kB
dist/assets/useDevicesApi-UvK8WOQ5.js               1.06 kB │ gzip:   0.62 kB │ map:     3.33 kB
dist/assets/ConfigListSearchBar-8ThN5W2l.js         1.07 kB │ gzip:   0.62 kB │ map:     2.66 kB
dist/assets/advanced-DCcTLJN8.js                    1.15 kB │ gzip:   0.64 kB │ map:     2.84 kB
dist/assets/atomWithStorage-NzBbWPiJ.js             1.21 kB │ gzip:   0.64 kB │ map:     6.80 kB
dist/assets/preload-helper-BZ1Pz5am.js              1.21 kB │ gzip:   0.69 kB
dist/assets/IdentityFields-wtGiUMVL.js              1.34 kB │ gzip:   0.77 kB │ map:     4.17 kB
dist/assets/configSection-CA847nF3.js               1.46 kB │ gzip:   0.70 kB │ map:    10.64 kB
dist/assets/groupGraph-CelbX4Mp.js                  1.77 kB │ gzip:   0.85 kB │ map:     8.85 kB
dist/assets/SceneModal-C0w8mcnS.js                  2.02 kB │ gzip:   0.99 kB │ map:     5.98 kB
dist/assets/StatePreview-rzqiJmKo.js                2.20 kB │ gzip:   1.07 kB │ map:     6.51 kB
dist/assets/config-form-B4ozyRk8.js                 2.26 kB │ gzip:   0.81 kB │ map:     6.06 kB
dist/assets/SaveSceneModal-PUHUwFqj.js              2.26 kB │ gzip:   1.19 kB │ map:     7.35 kB
dist/assets/sceneTargets-w3Wm2Aot.js                2.57 kB │ gzip:   1.15 kB │ map:    11.95 kB
dist/assets/ExpandableConfigCard-DrtjrxVv.js        2.66 kB │ gzip:   1.30 kB │ map:    11.90 kB
dist/assets/EntityPicker-CjK0qhDQ.js                2.80 kB │ gzip:   1.26 kB │ map:     7.72 kB
dist/assets/deviceColor-DWYtnbck.js                 3.34 kB │ gzip:   1.39 kB │ map:    14.90 kB
dist/assets/tabs-C1KjQWRG.js                        3.37 kB │ gzip:   1.49 kB │ map:    12.32 kB
dist/assets/page-DYzyqY8l.js                        3.69 kB │ gzip:   1.72 kB │ map:     9.51 kB
dist/assets/SearchablePicker-BsO0yTTb.js            3.91 kB │ gzip:   1.59 kB │ map:    11.73 kB
dist/assets/EntitySaveBar-HEYWQZ5N.js               4.10 kB │ gzip:   1.90 kB │ map:    12.04 kB
dist/assets/switch-pStAEHlc.js                      4.23 kB │ gzip:   1.85 kB │ map:    14.68 kB
dist/assets/DetailPageShell-DkAg-QeB.js             4.27 kB │ gzip:   1.79 kB │ map:    15.18 kB
dist/assets/dist-DykGhhHE.js                        4.27 kB │ gzip:   1.89 kB │ map:    17.18 kB
dist/assets/dist-T7h5Pgj3.js                        4.35 kB │ gzip:   1.88 kB │ map:    50.19 kB
dist/assets/checkbox-DKxqLkZN.js                    4.44 kB │ gzip:   1.93 kB │ map:    16.12 kB
dist/assets/SceneList-DyStsID1.js                   4.45 kB │ gzip:   2.23 kB │ map:    12.59 kB
dist/assets/page-DnbfjgUt.js                        4.48 kB │ gzip:   2.00 kB │ map:    11.75 kB
dist/assets/page-Dp5wnj7T.js                        4.62 kB │ gzip:   1.93 kB │ map:    11.63 kB
dist/assets/popover-BLAi1UAJ.js                     4.82 kB │ gzip:   1.86 kB │ map:    19.17 kB
dist/assets/shared-DCfpmwIr.js                      5.37 kB │ gzip:   2.05 kB │ map:    15.65 kB
dist/assets/page-CMOkzjof.js                        5.44 kB │ gzip:   2.30 kB │ map:    15.59 kB
dist/assets/page-BZ_ExLu7.js                        5.50 kB │ gzip:   2.23 kB │ map:    13.39 kB
dist/assets/DeviceReportStatus-uSFBV7D0.js          5.56 kB │ gzip:   2.37 kB │ map:    15.26 kB
dist/assets/page-ClEMemkh.js                        5.74 kB │ gzip:   2.20 kB │ map:    15.95 kB
dist/assets/page-DILKUKSf.js                        6.08 kB │ gzip:   2.21 kB │ map:    14.01 kB
dist/assets/canvasUtils-DgmdVZnL.js                 6.10 kB │ gzip:   2.09 kB │ map:    22.14 kB
dist/assets/dialog-B5wOEcPo.js                      6.86 kB │ gzip:   2.53 kB │ map:    24.61 kB
dist/assets/useSectionParams-8kItJ3Ho.js            7.05 kB │ gzip:   2.84 kB │ map:    26.66 kB
dist/assets/editor-Bi8JOAxN.js                      7.17 kB │ gzip:   3.01 kB │ map:    22.38 kB
dist/assets/dist-CoaSyeoT.js                        7.41 kB │ gzip:   2.72 kB │ map:    30.60 kB
dist/assets/detail-MYcch0zm.js                      8.09 kB │ gzip:   2.99 kB │ map:    21.41 kB
dist/assets/jsx-runtime-BNakU3Ej.js                 8.29 kB │ gzip:   3.15 kB │ map:    30.42 kB
dist/assets/page-Dm6CLYGv.js                        8.63 kB │ gzip:   3.39 kB │ map:    30.25 kB
dist/assets/SensorActionPanel-4lohI1os.js           8.69 kB │ gzip:   2.63 kB │ map:    28.87 kB
dist/assets/detail-Q_TxQDJW.js                      9.04 kB │ gzip:   3.56 kB │ map:    27.07 kB
dist/assets/SceneScriptEditor-Bqq-ffUO.js           9.71 kB │ gzip:   3.13 kB │ map:    25.21 kB
dist/assets/carHeaterModalState-B7jNxJIy.js        10.26 kB │ gzip:   4.29 kB │ map:    71.79 kB
dist/assets/slider-DcKur6aR.js                     10.37 kB │ gzip:   4.09 kB │ map:    41.02 kB
dist/assets/page-DF9dZF8B.js                       10.95 kB │ gzip:   3.68 kB │ map:    30.36 kB
dist/assets/BufferResource-uHHNB3wd.js             11.08 kB │ gzip:   2.86 kB │ map:    26.67 kB
dist/assets/detail-ZShHvkhO.js                     11.23 kB │ gzip:   3.67 kB │ map:    33.33 kB
dist/assets/dropdown-menu-ByiDf1xE.js              12.02 kB │ gzip:   4.38 kB │ map:    71.26 kB
dist/assets/page-CjcHE2_7.js                       12.29 kB │ gzip:   4.31 kB │ map:    39.75 kB
dist/assets/Viewport-axXtY1To.js                   13.37 kB │ gzip:   4.75 kB │ map:    46.21 kB
dist/assets/dist-jzg-NtmE.js                       14.02 kB │ gzip:   4.80 kB │ map:    44.01 kB
dist/assets/page-imixKYcb.js                       14.31 kB │ gzip:   4.79 kB │ map:    42.43 kB
dist/assets/init-DnlCDzUP.js                       15.42 kB │ gzip:   4.82 kB │ map:    53.93 kB
dist/assets/ColorPickerModal-7nmDmcjY.js           16.27 kB │ gzip:   5.47 kB │ map:    58.87 kB
dist/assets/useConfig-CGpUIY-E.js                  17.31 kB │ gzip:   5.42 kB │ map:    78.29 kB
dist/assets/page-CKdgqvyl.js                       18.11 kB │ gzip:   5.09 kB │ map:    49.40 kB
dist/assets/select-DqJTJWGX.js                     21.02 kB │ gzip:   7.26 kB │ map:    86.41 kB
dist/assets/useQuery-BF-BoKM1.js                   22.78 kB │ gzip:   7.61 kB │ map:   115.58 kB
dist/assets/colors-jScq-3Ad.js                     25.12 kB │ gzip:   9.10 kB │ map:    91.28 kB
dist/assets/page-x30uMEb0.js                       27.30 kB │ gzip:   9.25 kB │ map:    86.11 kB
dist/assets/FloorplanGridEditor-CZpnLc9w.js        29.55 kB │ gzip:   9.04 kB │ map:   111.79 kB
dist/assets/page-u5Rueip9.js                       30.29 kB │ gzip:   9.56 kB │ map:    87.38 kB
dist/assets/editor-DyE4l553.js                     31.48 kB │ gzip:  10.29 kB │ map:    97.07 kB
dist/assets/es2015-DRL6jxLv.js                     34.28 kB │ gzip:  11.97 kB │ map:   162.65 kB
dist/assets/responsive-overlay-BQBScTAw.js         37.00 kB │ gzip:  11.51 kB │ map:   132.28 kB
dist/assets/browserAll-J9JeB8fX.js                 42.71 kB │ gzip:  11.24 kB │ map:   157.52 kB
dist/assets/button-Dp1STluD.js                     44.21 kB │ gzip:  15.46 kB │ map:   241.55 kB
dist/assets/DeviceControls-D8-7GZ1R.js             51.44 kB │ gzip:  18.80 kB │ map:   208.03 kB
dist/assets/page-DDw4u0aL.js                       55.69 kB │ gzip:  16.13 kB │ map:   184.46 kB
dist/assets/CarHeaterModal-C5VYq7Wh.js             56.05 kB │ gzip:  17.06 kB │ map:   223.77 kB
dist/assets/RenderTargetSystem-B7Y9OBMG.js         78.14 kB │ gzip:  22.12 kB │ map:   288.28 kB
dist/assets/editor-D4Hmr81e.js                     97.90 kB │ gzip:  25.95 kB │ map:   323.99 kB
dist/assets/CanvasPool-Bv_WirYb.js                109.73 kB │ gzip:  33.36 kB │ map:   537.58 kB
dist/assets/page-Yf5BPKGl.js                      146.91 kB │ gzip:  44.18 kB │ map:   769.24 kB
dist/assets/page-VfdVNGi0.js                      149.56 kB │ gzip:  46.97 kB │ map:   545.43 kB
dist/assets/AssistantPanel-66MPqAV2.js            188.90 kB │ gzip:  56.69 kB │ map: 1,032.43 kB
dist/assets/PixiFloorplanRenderer-DZCruaOC.js     297.34 kB │ gzip:  89.13 kB │ map: 1,324.24 kB
dist/assets/index-car9PW-P.js                     593.65 kB │ gzip: 189.17 kB │ map: 2,755.15 kB

[plugin builtin:vite-reporter]
(!) Some chunks are larger than 500 kB after minification. Consider:
- Using dynamic import() to code-split the application
- Use build.rolldownOptions.output.codeSplitting to improve chunking: https://rolldown.rs/reference/OutputOptions.codeSplitting
- Adjust chunk size limit for this warning via build.chunkSizeWarningLimit.
✓ built in 1.18s
