$ node --experimental-strip-types --test 'lib/**/*.test.ts'
(node:2467775) [MODULE_TYPELESS_PACKAGE_JSON] Warning: Module type of file:///home/rasse/homectl/ui/lib/assistant-diff.test.ts is not specified and it doesn't parse as CommonJS.
Reparsing as ES module because module syntax was detected. This incurs a performance overhead.
To eliminate this warning, add "type": "module" to /home/rasse/homectl/ui/package.json.
(Use `node --trace-warnings ...` to show where the warning was created)
✔ stableStringify sorts object keys deterministically (0.807307ms)
✔ diffTopLevelFields reports added, removed, and changed fields (0.792047ms)
✔ diffTopLevelFields is order-insensitive for nested objects (0.110789ms)
✔ assistantFieldLabel uses per-kind labels and humanizes the rest (0.07047ms)
✔ describeJsonValue summarizes values (0.213199ms)
✔ formatJson pretty prints values (0.249089ms)
✔ operationTarget resolves create and existing entities (0.1683ms)
✔ operationChangeSummary describes creates, deletes, and updates (0.17051ms)
✔ operationFieldChanges ignores server bookkeeping fields (0.234169ms)
✔ operationDetails summarizes scene target changes (0.399288ms)
✔ operationDetails summarizes group membership changes (0.161779ms)
✔ operationDetails summarizes routine section changes (0.221569ms)
✔ operationDetails summarizes integration config changes (0.06996ms)
✔ destructive and default acceptance rules (0.110839ms)
✔ collectChangedDeviceKeys unions scene, group, and device operations (1.106026ms)
✔ collectChangedGroupIds unions group and scene operations (0.459778ms)
✔ planOperationCounts counts each operation kind (0.1456ms)
✔ describeRoutineDefinition summarizes triggers and program (0.134019ms)
✔ upsertAssistantAttachment replaces matching kind/id pairs (0.07385ms)
(node:2467776) [MODULE_TYPELESS_PACKAGE_JSON] Warning: Module type of file:///home/rasse/homectl/ui/lib/assistant-stream.test.ts is not specified and it doesn't parse as CommonJS.
Reparsing as ES module because module syntax was detected. This incurs a performance overhead.
To eliminate this warning, add "type": "module" to /home/rasse/homectl/ui/package.json.
(Use `node --trace-warnings ...` to show where the warning was created)
✔ parseAssistantSseEvents parses complete frames and buffers partial ones (1.127216ms)
✔ parseAssistantSseEvents handles CRLF, usage, results, and errors (0.251899ms)
✔ buildAssistantHistory keeps the newest turns and caps sizes (0.316844ms)
✔ formatTokenCount renders compact approximate counts (0.119819ms)
✔ describeAssistantActionChange summarizes power, brightness, and color (0.09818ms)
✔ contextUsagePercent clamps to the context window (0.08571ms)
✔ affectedDevicesSummary counts devices and surfaces failures (1.008126ms)
(node:2467777) [MODULE_TYPELESS_PACKAGE_JSON] Warning: Module type of file:///home/rasse/homectl/ui/lib/axisSpan.test.ts is not specified and it doesn't parse as CommonJS.
Reparsing as ES module because module syntax was detected. This incurs a performance overhead.
To eliminate this warning, add "type": "module" to /home/rasse/homectl/ui/package.json.
(Use `node --trace-warnings ...` to show where the warning was created)
✔ a flat temperature series is widened to the minimum span (0.538318ms)
✔ a wide temperature series is untouched (0.407549ms)
✔ humidity uses its own floor (0.086629ms)
✔ units without a floor keep their range, and bad input passes through (0.120059ms)
(node:2467783) [MODULE_TYPELESS_PACKAGE_JSON] Warning: Module type of file:///home/rasse/homectl/ui/lib/brightnessCalibration.test.ts is not specified and it doesn't parse as CommonJS.
Reparsing as ES module because module syntax was detected. This incurs a performance overhead.
To eliminate this warning, add "type": "module" to /home/rasse/homectl/ui/package.json.
(Use `node --trace-warnings ...` to show where the warning was created)
✔ suggestions are editable points, not a required sequence (1.667404ms)
✔ percentages round-trip through typed text and steps (0.514278ms)
✔ validation names the row that is wrong (0.576658ms)
✔ the client maps brightness exactly like the server does (0.23904ms)
✔ the review says what the edges do, including a capped ceiling (0.257718ms)
✔ dimmable means the brightness capability, colour or not (0.09939ms)
(node:2467784) [MODULE_TYPELESS_PACKAGE_JSON] Warning: Module type of file:///home/rasse/homectl/ui/lib/colorBytes.test.ts is not specified and it doesn't parse as CommonJS.
Reparsing as ES module because module syntax was detected. This incurs a performance overhead.
To eliminate this warning, add "type": "module" to /home/rasse/homectl/ui/package.json.
(Use `node --trace-warnings ...` to show where the warning was created)
✔ hsToRgbBytes returns 0-255 components the renderer can use (0.971097ms)
✔ a desaturated hue renders as bright white, not black (0.14368ms)
✔ saturated hues never collapse to near-black (0.262908ms)
✔ hue wraps and saturation clamps like the device colour path (0.1008ms)
(node:2467785) [MODULE_TYPELESS_PACKAGE_JSON] Warning: Module type of file:///home/rasse/homectl/ui/lib/conditionWords.test.ts is not specified and it doesn't parse as CommonJS.
Reparsing as ES module because module syntax was detected. This incurs a performance overhead.
To eliminate this warning, add "type": "module" to /home/rasse/homectl/ui/package.json.
(Use `node --trace-warnings ...` to show where the warning was created)
✔ fieldLabel names known fields and falls back to the pointer tail (2.023362ms)
✔ operatorWords reads as words, never as tokens (0.10446ms)
✔ valueWords renders booleans and brightness as people say them (0.101609ms)
✔ conditionWords reads as one sentence (0.09688ms)
(node:2467792) [MODULE_TYPELESS_PACKAGE_JSON] Warning: Module type of file:///home/rasse/homectl/ui/lib/configSection.test.ts is not specified and it doesn't parse as CommonJS.
Reparsing as ES module because module syntax was detected. This incurs a performance overhead.
To eliminate this warning, add "type": "module" to /home/rasse/homectl/ui/package.json.
(Use `node --trace-warnings ...` to show where the warning was created)
✔ deepCopy isolates nested values (0.976166ms)
✔ deepEqual compares nested objects without identity (0.223249ms)
✔ pickFields returns only the section fields (0.452619ms)
✔ mergeFields keeps fields outside the section (0.123269ms)
✔ sectionChangedElsewhere detects concurrent edits to the same fields (0.11799ms)
✔ formatFreshness describes known and unknown freshness (0.099969ms)
✔ firstInvalidField points at the first invalid subsection (1.021366ms)
✔ pickFields keeps nested paths nested so sections can own sub-fields (0.588008ms)
✔ mergeFields merges nested paths without dropping sibling fields (0.348373ms)
✔ mergeFields creates missing parents and replaces arrays wholesale (0.305179ms)
✔ sectionChangedElsewhere compares only the fields the section owns (0.141639ms)
(node:2467797) [MODULE_TYPELESS_PACKAGE_JSON] Warning: Module type of file:///home/rasse/homectl/ui/lib/conflictPresentation.test.ts is not specified and it doesn't parse as CommonJS.
Reparsing as ES module because module syntax was detected. This incurs a performance overhead.
To eliminate this warning, add "type": "module" to /home/rasse/homectl/ui/package.json.
(Use `node --trace-warnings ...` to show where the warning was created)
✔ conflict reviews mask credentials throughout nested objects and arrays (0.823767ms)
(node:2467799) [MODULE_TYPELESS_PACKAGE_JSON] Warning: Module type of file:///home/rasse/homectl/ui/lib/creationDraft.test.ts is not specified and it doesn't parse as CommonJS.
Reparsing as ES module because module syntax was detected. This incurs a performance overhead.
To eliminate this warning, add "type": "module" to /home/rasse/homectl/ui/package.json.
(Use `node --trace-warnings ...` to show where the warning was created)
✔ a draft round-trips through sessionStorage (1.303395ms)
✔ payloads that look like credentials are refused and never read back (0.260249ms)
✔ a draft from another version or another kind is ignored (0.113979ms)
✔ no storage at all is survivable (0.11588ms)
✔ draft age reads in plain language (0.15784ms)
(node:2467810) [MODULE_TYPELESS_PACKAGE_JSON] Warning: Module type of file:///home/rasse/homectl/ui/lib/deviceColor.test.ts is not specified and it doesn't parse as CommonJS.
Reparsing as ES module because module syntax was detected. This incurs a performance overhead.
To eliminate this warning, add "type": "module" to /home/rasse/homectl/ui/package.json.
(Use `node --trace-warnings ...` to show where the warning was created)
▶ device colour wire format
  ✔ edits and previews Kelvin directly, matching the backend DeviceColor contract (0.996566ms)
  ✔ recognises every untagged variant (0.911257ms)
  ✔ does not recognise the tagged shapes the old editor assumed (0.0886ms)
  ✔ keeps a saved HS value (screenshot 7 regression) (0.186419ms)
  ✔ loads, changes, saves, and reloads each variant unchanged (0.18279ms)
  ✔ does not silently drop an XY value it cannot edit directly (0.0547ms)
  ✔ gives each mode a valid starting value (0.06992ms)
  ✔ names colours accessibly without colour being the only signal (0.09838ms)
  ✔ previews brightness without changing the colour itself (0.08449ms)
  ✔ uses full-value HSV so zero saturation is white and hue stays vivid (0.161709ms)
✔ device colour wire format (3.707956ms)
(node:2467816) [MODULE_TYPELESS_PACKAGE_JSON] Warning: Module type of file:///home/rasse/homectl/ui/lib/durationInput.test.ts is not specified and it doesn't parse as CommonJS.
Reparsing as ES module because module syntax was detected. This incurs a performance overhead.
To eliminate this warning, add "type": "module" to /home/rasse/homectl/ui/package.json.
(Use `node --trace-warnings ...` to show where the warning was created)
✔ durations retain exact milliseconds across fractional units (1.20257ms)
✔ duration validation distinguishes incomplete, optional and unsafe values (0.265159ms)
(node:2467822) [MODULE_TYPELESS_PACKAGE_JSON] Warning: Module type of file:///home/rasse/homectl/ui/lib/entityDraft.test.ts is not specified and it doesn't parse as CommonJS.
Reparsing as ES module because module syntax was detected. This incurs a performance overhead.
To eliminate this warning, add "type": "module" to /home/rasse/homectl/ui/package.json.
(Use `node --trace-warnings ...` to show where the warning was created)
✔ unfinished numeric input retains its type, blocks saves and survives navigation until discarded (2.798369ms)
✔ raw numeric state is never submitted and only acknowledged input is cleared by a save (0.519004ms)
✔ clean refresh and reviewed remote values cannot leave a stale numeric display (0.229499ms)
✔ collection variants and unfinished inputs follow reordered items and disappear with removed items (0.382669ms)
✔ switching type clears incomplete inputs and distinguishes cached null from an absent variant (0.1319ms)
✔ draft retains all collections and unknown fields across background refreshes and discard (0.144529ms)
✔ edits made while saving survive response normalization and a delayed response cannot clear newer work (0.13087ms)
✔ failed save retains draft and reviewed conflict choices preserve unrelated server changes (0.354268ms)
✔ inactive variants survive navigation and are discarded explicitly (0.517568ms)
✔ nested conflict choices preserve remote siblings and treat arrays and variants as units (1.264025ms)
(node:2467855) [MODULE_TYPELESS_PACKAGE_JSON] Warning: Module type of file:///home/rasse/homectl/ui/lib/floorplanDraft.test.ts is not specified and it doesn't parse as CommonJS.
Reparsing as ES module because module syntax was detected. This incurs a performance overhead.
To eliminate this warning, add "type": "module" to /home/rasse/homectl/ui/package.json.
(Use `node --trace-warnings ...` to show where the warning was created)
✔ floorplan authoring preserves labels, unavailable placements and extension data (1.147636ms)
✔ malformed or future layouts are kept out of drawing controls instead of silently repaired (0.235639ms)
✔ floorplan conflict summaries show layout dimensions and omit uploaded image bytes (0.613688ms)
(node:2467858) [MODULE_TYPELESS_PACKAGE_JSON] Warning: Module type of file:///home/rasse/homectl/ui/lib/group-floorplan-preview.test.ts is not specified and it doesn't parse as CommonJS.
Reparsing as ES module because module syntax was detected. This incurs a performance overhead.
To eliminate this warning, add "type": "module" to /home/rasse/homectl/ui/package.json.
(Use `node --trace-warnings ...` to show where the warning was created)
✔ resolveGroupDeviceKeys flattens nested groups and deduplicates (1.537904ms)
✔ resolveGroupDeviceKeys falls back to raw device refs (0.221879ms)
✔ selectGroupFloorplan prefers an explicit placement mask (0.435639ms)
✔ selectGroupFloorplan picks the floorplan with the most devices (0.239749ms)
✔ selectGroupFloorplan tie-breaks deterministically by id (6.817244ms)
✔ selectGroupFloorplan returns null when nothing is placed (0.358239ms)
✔ getGroupFocusBounds pads and clamps to the floorplan (1.453155ms)
✔ getGroupFocusBounds ignores unplaced devices and empty input (0.235309ms)
✔ getGroupFocusBounds caps a lone device zoom with a minimum span (0.218309ms)
✔ getGroupFocusBounds keeps tight bounds when the minimum span is disabled (0.228159ms)
✔ getGroupFocusBounds shifts at floorplan edges to keep the minimum span (0.159499ms)
✔ getGroupFocusBounds keeps wide clusters at their own span (0.995066ms)
(node:2467859) [MODULE_TYPELESS_PACKAGE_JSON] Warning: Module type of file:///home/rasse/homectl/ui/lib/groupGraph.test.ts is not specified and it doesn't parse as CommonJS.
Reparsing as ES module because module syntax was detected. This incurs a performance overhead.
To eliminate this warning, add "type": "module" to /home/rasse/homectl/ui/package.json.
(Use `node --trace-warnings ...` to show where the warning was created)
✔ findNestedCycle detects a direct nesting loop (1.216587ms)
✔ findNestedCycle follows the candidate down to the group (0.146599ms)
✔ findExistingPath reports redundant nesting (0.235029ms)
✔ findNestedCycle stops on an existing unrelated loop (0.13381ms)
✔ describeGroupUsage lists the scenes and routines that target a room (1.240905ms)
✔ describeGroupUsage finds group keys nested inside steps (0.148269ms)
✔ missingGroupDevices keeps unresolved members visible (0.09447ms)
✔ suggestId slugifies a name and avoids collisions (0.359238ms)
✔ v2 group targets and comparison sources are included in usage (0.14969ms)
(node:2467880) [MODULE_TYPELESS_PACKAGE_JSON] Warning: Module type of file:///home/rasse/homectl/ui/lib/integrationDraft.test.ts is not specified and it doesn't parse as CommonJS.
Reparsing as ES module because module syntax was detected. This incurs a performance overhead.
To eliminate this warning, add "type": "module" to /home/rasse/homectl/ui/package.json.
(Use `node --trace-warnings ...` to show where the warning was created)
✔ editing a nested field preserves omission, false, zero, ordered collections and unknown siblings (2.352981ms)
✔ legacy MQTT inference controls visibility without materializing an explicit mode (0.160089ms)
✔ nested extension names stay own properties without changing prototypes (0.135449ms)
✔ capability temperature ranges use positive ascending Kelvin values (0.500248ms)
✔ validation checks all sensor pointers, range bounds and integer ports (0.228659ms)
✔ capability validation distinguishes optional dimming from required booleans and u16 bounds (1.009277ms)
✔ dummy initial readings support all sensor variants and retain false, zero, empty text and extensions (0.317249ms)
✔ malformed dummy collections and initial states stay invalid until explicitly repaired (0.309749ms)
(node:2467884) [MODULE_TYPELESS_PACKAGE_JSON] Warning: Module type of file:///home/rasse/homectl/ui/lib/liveStateSummary.test.ts is not specified and it doesn't parse as CommonJS.
Reparsing as ES module because module syntax was detected. This incurs a performance overhead.
To eliminate this warning, add "type": "module" to /home/rasse/homectl/ui/package.json.
(Use `node --trace-warnings ...` to show where the warning was created)
✔ equal state previews do not depend on color key order (4.996242ms)
✔ mixed brightness never becomes an average shared value (0.303169ms)
✔ unknown members prevent a misleading complete preview (0.07796ms)
✔ off and unspecified values retain their meaning (0.229739ms)
(node:2467890) [MODULE_TYPELESS_PACKAGE_JSON] Warning: Module type of file:///home/rasse/homectl/ui/lib/longPress.test.ts is not specified and it doesn't parse as CommonJS.
Reparsing as ES module because module syntax was detected. This incurs a performance overhead.
To eliminate this warning, add "type": "module" to /home/rasse/homectl/ui/package.json.
(Use `node --trace-warnings ...` to show where the warning was created)
✔ a press that stays within the tolerance stays a hold (0.751157ms)
✔ a press that travels past the tolerance is a scroll (0.11419ms)
✔ the tolerance is a straight-line distance, not per axis (0.103129ms)
✔ a custom tolerance overrides the default (0.08823ms)
✔ the shared defaults match the gesture contract (0.092269ms)
(node:2467893) [MODULE_TYPELESS_PACKAGE_JSON] Warning: Module type of file:///home/rasse/homectl/ui/lib/preferences.test.ts is not specified and it doesn't parse as CommonJS.
Reparsing as ES module because module syntax was detected. This incurs a performance overhead.
To eliminate this warning, add "type": "module" to /home/rasse/homectl/ui/package.json.
(Use `node --trace-warnings ...` to show where the warning was created)
✔ pushRecent dedupes, prepends, and bounds the list (0.985726ms)
✔ toggleFavoriteKey adds and removes keys (0.210779ms)
✔ rankByPreference orders favorites, then recents, then original (0.16181ms)
✔ rankByPreference keeps original order without preferences (0.07352ms)
(node:2467898) [MODULE_TYPELESS_PACKAGE_JSON] Warning: Module type of file:///home/rasse/homectl/ui/lib/preview-mount-budget.test.ts is not specified and it doesn't parse as CommonJS.
Reparsing as ES module because module syntax was detected. This incurs a performance overhead.
To eliminate this warning, add "type": "module" to /home/rasse/homectl/ui/package.json.
(Use `node --trace-warnings ...` to show where the warning was created)
✔ mounts at most the capacity, prioritising visible previews (1.090046ms)
✔ keeps previously visible previews mounted while capacity remains (0.234669ms)
✔ evicts the least recently visible preview for a new one (0.234899ms)
✔ unregister frees capacity and promotes a visible waiter (0.163889ms)
✔ notifies subscribers only when the mounted set changes (0.353378ms)
(node:2467909) [MODULE_TYPELESS_PACKAGE_JSON] Warning: Module type of file:///home/rasse/homectl/ui/lib/query-client.test.ts is not specified and it doesn't parse as CommonJS.
Reparsing as ES module because module syntax was detected. This incurs a performance overhead.
To eliminate this warning, add "type": "module" to /home/rasse/homectl/ui/package.json.
(Use `node --trace-warnings ...` to show where the warning was created)
✔ cache sharing preserves nested special keys, omission, null and non-JSON leaf values (0.983557ms)
✔ configuration cache preserves arbitrary JSON keys through repeated updates (0.884987ms)
(node:2467915) [MODULE_TYPELESS_PACKAGE_JSON] Warning: Module type of file:///home/rasse/homectl/ui/lib/routineActivity.test.ts is not specified and it doesn't parse as CommonJS.
Reparsing as ES module because module syntax was detected. This incurs a performance overhead.
To eliminate this warning, add "type": "module" to /home/rasse/homectl/ui/package.json.
(Use `node --trace-warnings ...` to show where the warning was created)
✔ an evaluation without a run outcome never claims dispatch or successful execution (0.824807ms)
✔ blocked coalesced attempts remain separate from old run evidence (10.736165ms)
✔ policy rejection, suppression and unknown conditions keep their recorded meaning (0.333759ms)
✔ legacy history without a condition trace still records a run, not a failed evaluation (0.174939ms)
(node:2467916) [MODULE_TYPELESS_PACKAGE_JSON] Warning: Module type of file:///home/rasse/homectl/ui/lib/routineDraft.test.ts is not specified and it doesn't parse as CommonJS.
Reparsing as ES module because module syntax was detected. This incurs a performance overhead.
To eliminate this warning, add "type": "module" to /home/rasse/homectl/ui/package.json.
(Use `node --trace-warnings ...` to show where the warning was created)
✔ future and malformed dynamic selections remain outside the editable renderer (0.503808ms)
✔ reordering preserves node and branch identities, scopes and unknown values (0.516148ms)
✔ duplicating a branch allocates new identities throughout without renaming timer references (2.481861ms)
✔ JSON transport converts safe bigint durations and refuses precision loss and nonfinite values (0.325199ms)
✔ empty logic groups and duplicate nested IDs have visible validation errors (0.267759ms)
✔ arbitrary JSON payload identities and unknown fields survive duplication and validation (0.255159ms)
(node:2467932) [MODULE_TYPELESS_PACKAGE_JSON] Warning: Module type of file:///home/rasse/homectl/ui/lib/routineJourney.test.ts is not specified and it doesn't parse as CommonJS.
Reparsing as ES module because module syntax was detected. This incurs a performance overhead.
To eliminate this warning, add "type": "module" to /home/rasse/homectl/ui/package.json.
(Use `node --trace-warnings ...` to show where the warning was created)
✔ a device key splits into an integration and device id (1.097186ms)
✔ device fields come from the live payload, with values and freshness (0.255289ms)
✔ time parsing rejects nonsense instead of guessing (0.235099ms)
✔ cron is derived from a local time and weekday choice (0.250889ms)
✔ the definition follows the chosen intent (0.447318ms)
✔ “stays this way for” becomes a predicate_for trigger body (0.135389ms)
✔ the outcome becomes a scene activation or a power step (0.221179ms)
✔ values are coerced to the field kind (0.203229ms)
✔ validation names each missing piece (0.493698ms)
✔ the review sentence reads like a sentence (0.427019ms)
✔ nothing is preselected until a card is chosen (0.15839ms)
✔ copying an existing routine reuses its definition (0.093659ms)
✔ ids are slugged for the config key (0.21284ms)
(node:2467936) [MODULE_TYPELESS_PACKAGE_JSON] Warning: Module type of file:///home/rasse/homectl/ui/lib/routineNarrative.test.ts is not specified and it doesn't parse as CommonJS.
Reparsing as ES module because module syntax was detected. This incurs a performance overhead.
To eliminate this warning, add "type": "module" to /home/rasse/homectl/ui/package.json.
(Use `node --trace-warnings ...` to show where the warning was created)
✔ state-change triggers read as a sentence, not a mode (0.822267ms)
✔ report triggers name the field (0.16399ms)
✔ schedules translate cron into words and keep the raw form as detail (0.534778ms)
✔ comparisons name the reading and the limit (0.535618ms)
✔ missing readings are reported as waiting for data, not as false (0.199279ms)
✔ nested conditions join with and/or and keep their evidence (0.279269ms)
✔ room conditions read as membership statements (0.11364ms)
✔ readings carry their units (0.087839ms)
✔ a false condition says which reading is short (0.255999ms)
✔ waiting for data is reserved for unreadable inputs (0.229439ms)
✔ disabled and unevaluated routines say so plainly (0.09839ms)
✔ the last recorded outcome stays separate from live evaluation (0.109409ms)
✔ durations read as words (0.05171ms)
(node:2467947) [MODULE_TYPELESS_PACKAGE_JSON] Warning: Module type of file:///home/rasse/homectl/ui/lib/routinePolicy.test.ts is not specified and it doesn't parse as CommonJS.
Reparsing as ES module because module syntax was detected. This incurs a performance overhead.
To eliminate this warning, add "type": "module" to /home/rasse/homectl/ui/package.json.
(Use `node --trace-warnings ...` to show where the warning was created)
✔ describeExecutionPolicy explains overlapping runs and action caps (1.116096ms)
✔ describeExecutionPolicy reports rate limits in seconds or minutes (0.208569ms)
(node:2467957) [MODULE_TYPELESS_PACKAGE_JSON] Warning: Module type of file:///home/rasse/homectl/ui/lib/routineRuntimeText.test.ts is not specified and it doesn't parse as CommonJS.
Reparsing as ES module because module syntax was detected. This incurs a performance overhead.
To eliminate this warning, add "type": "module" to /home/rasse/homectl/ui/package.json.
(Use `node --trace-warnings ...` to show where the warning was created)
▶ triggerStateSentence
  ✔ names the absent evidence when enabled with no report yet (0.836837ms)
  ✔ names the trigger that has not reported (0.14377ms)
  ✔ says a disabled routine is not evaluated (0.173079ms)
  ✔ keeps an armed schedule and an unknown input apart (8.407428ms)
  ✔ does not claim a deadline when none is armed (0.11965ms)
✔ triggerStateSentence (10.7589ms)
(node:2467968) [MODULE_TYPELESS_PACKAGE_JSON] Warning: Module type of file:///home/rasse/homectl/ui/lib/sceneCapture.test.ts is not specified and it doesn't parse as CommonJS.
Reparsing as ES module because module syntax was detected. This incurs a performance overhead.
To eliminate this warning, add "type": "module" to /home/rasse/homectl/ui/package.json.
(Use `node --trace-warnings ...` to show where the warning was created)
✔ a power-only device captures power and omits the rest (1.276835ms)
✔ supported brightness and hue color are captured in the scene color shape (0.15634ms)
✔ a color space the device does not advertise is left out with a reason (0.112979ms)
✔ a supported field with no requested value is omitted with a reason (0.13304ms)
✔ capture follows the requested state when the report disagrees (0.16969ms)
✔ an offline device still captures the requested state and says so (0.866527ms)
✔ sensors and unknown payloads cannot be captured (0.142169ms)
✔ color shapes convert from live to scene form and match capabilities (0.16538ms)
✔ brightness is inferred from color capabilities but never overridden (0.18481ms)
✔ room targets start from a manual shared state (0.259819ms)
(node:2467982) [MODULE_TYPELESS_PACKAGE_JSON] Warning: Module type of file:///home/rasse/homectl/ui/lib/sceneDraft.test.ts is not specified and it doesn't parse as CommonJS.
Reparsing as ES module because module syntax was detected. This incurs a performance overhead.
To eliminate this warning, add "type": "module" to /home/rasse/homectl/ui/package.json.
(Use `node --trace-warnings ...` to show where the warning was created)
✔ draft target preview follows the same device through ordered scene group targets (1.082466ms)
✔ device link scales brightness and preserves source color representation (0.15435ms)
✔ omission, zero, off and unknown fields remain distinct during editing (0.267569ms)
✔ links neither invent aliases nor recurse forever (0.233899ms)
✔ group order is deduplicated and remaining IDs are alphabetical (0.200089ms)
✔ invalid color and nonfinite brightness are rejected without changing a draft (0.274649ms)
(node:2467985) [MODULE_TYPELESS_PACKAGE_JSON] Warning: Module type of file:///home/rasse/homectl/ui/lib/sceneEffects.test.ts is not specified and it doesn't parse as CommonJS.
Reparsing as ES module because module syntax was detected. This incurs a performance overhead.
To eliminate this warning, add "type": "module" to /home/rasse/homectl/ui/package.json.
(Use `node --trace-warnings ...` to show where the warning was created)
✔ a room target expands to the devices it changes (1.781708ms)
✔ a device target after a room target wins, and says so (0.305309ms)
✔ later room targets win over earlier ones in saved order (0.164399ms)
✔ an unresolved room explains itself and offers a repair (0.08599ms)
✔ an unavailable device target is named, not silently dropped (0.244119ms)
✔ a scene target that sets nothing is flagged rather than described as a change (0.14185ms)
✔ missing references are counted by where they live (0.147449ms)
✔ a missing room counts as a room target, not a member (0.06892ms)
✔ colour words never leak raw hue numbers (0.142579ms)
✔ state words read as an effect list (0.177389ms)
(node:2467991) [MODULE_TYPELESS_PACKAGE_JSON] Warning: Module type of file:///home/rasse/homectl/ui/lib/sceneTargets.test.ts is not specified and it doesn't parse as CommonJS.
Reparsing as ES module because module syntax was detected. This incurs a performance overhead.
To eliminate this warning, add "type": "module" to /home/rasse/homectl/ui/package.json.
(Use `node --trace-warnings ...` to show where the warning was created)
✔ sceneTargetMode classifies the three target shapes (0.932257ms)
✔ describeSceneTarget summarizes an explicit device state (0.252729ms)
✔ describeSceneTarget reports a precise reason when a linked scene is gone (0.163729ms)
✔ describeSceneTarget reports a precise reason when a tracked device is gone (1.005786ms)
✔ describeSceneTarget accepts omitted explicit state and flags unchosen links (0.08172ms)
✔ orderedSceneTargets honors the saved order and keeps unknown keys out (0.514358ms)
✔ sceneTargetsSummary counts targets, unresolved references, and a script (0.243609ms)
✔ a device link survives an integration rename instead of reading as gone (0.124199ms)
✔ a device link is only reported missing when the id is gone too (0.245209ms)
(node:2468002) [MODULE_TYPELESS_PACKAGE_JSON] Warning: Module type of file:///home/rasse/homectl/ui/lib/sourceDraft.test.ts is not specified and it doesn't parse as CommonJS.
Reparsing as ES module because module syntax was detected. This incurs a performance overhead.
To eliminate this warning, add "type": "module" to /home/rasse/homectl/ui/package.json.
(Use `node --trace-warnings ...` to show where the warning was created)
✔ source script params preserve every JSON shape and require exactly one body or pin (11.638016ms)
✔ circadian timing rejects invalid windows and focuses the editable parameter (0.481189ms)
✔ only known circadian versions use the circadian parameter contract (0.911718ms)
✔ source aliases distinguish omission and empty lists from malformed or duplicate entries (0.387608ms)
✔ unknown built-in versions and script pins retain separate identities (0.251889ms)
(node:2468003) [MODULE_TYPELESS_PACKAGE_JSON] Warning: Module type of file:///home/rasse/homectl/ui/lib/visualViewport.test.ts is not specified and it doesn't parse as CommonJS.
Reparsing as ES module because module syntax was detected. This incurs a performance overhead.
To eliminate this warning, add "type": "module" to /home/rasse/homectl/ui/package.json.
(Use `node --trace-warnings ...` to show where the warning was created)
✔ a keyboard-sized inset sizes the sheet to the visual viewport (0.431819ms)
✔ browser chrome changes leave the sheet on the dynamic viewport height (0.103359ms)
✔ an inset at the keyboard threshold counts as a keyboard (0.06225ms)
✔ a missing or nonsensical height falls back to the dynamic viewport (0.121049ms)
(node:2468010) [MODULE_TYPELESS_PACKAGE_JSON] Warning: Module type of file:///home/rasse/homectl/ui/lib/websocketReconnect.test.ts is not specified and it doesn't parse as CommonJS.
Reparsing as ES module because module syntax was detected. This incurs a performance overhead.
To eliminate this warning, add "type": "module" to /home/rasse/homectl/ui/package.json.
(Use `node --trace-warnings ...` to show where the warning was created)
✔ backs off exponentially and caps the delay (0.461838ms)
✔ treats a negative or fractional attempt count as zero (0.140699ms)
✔ reconnects at once when the socket is gone or closing (0.0774ms)
✔ waits for an in-flight connection instead of racing it (0.10967ms)
✔ probes a socket the browser still reports as open (0.06335ms)
✔ maps websocket readyState values onto readiness (0.107169ms)
(node:2468024) [MODULE_TYPELESS_PACKAGE_JSON] Warning: Module type of file:///home/rasse/homectl/ui/lib/websocketRevision.test.ts is not specified and it doesn't parse as CommonJS.
Reparsing as ES module because module syntax was detected. This incurs a performance overhead.
To eliminate this warning, add "type": "module" to /home/rasse/homectl/ui/package.json.
(Use `node --trace-warnings ...` to show where the warning was created)
✔ applies a patch that follows the last revision (0.446969ms)
✔ requests a resync when a patch skips revisions (0.11514ms)
✔ requests a resync when no revision was seen yet (0.05556ms)
✔ ignores duplicate and stale patches (0.10496ms)
ℹ tests 232
ℹ suites 2
ℹ pass 232
ℹ fail 0
ℹ cancelled 0
ℹ skipped 0
ℹ todo 0
ℹ duration_ms 306.815308
