(node:2451576) [MODULE_TYPELESS_PACKAGE_JSON] Warning: Module type of file:///home/rasse/homectl/ui/lib/query-client.test.ts is not specified and it doesn't parse as CommonJS.
Reparsing as ES module because module syntax was detected. This incurs a performance overhead.
To eliminate this warning, add "type": "module" to /home/rasse/homectl/ui/package.json.
(Use `node --trace-warnings ...` to show where the warning was created)
✖ configuration cache preserves arbitrary JSON keys through repeated updates (2.49085ms)
ℹ tests 1
ℹ suites 0
ℹ pass 0
ℹ fail 1
ℹ cancelled 0
ℹ skipped 0
ℹ todo 0
ℹ duration_ms 93.27062

✖ failing tests:

test at ui/lib/query-client.test.ts:5:1
✖ configuration cache preserves arbitrary JSON keys through repeated updates (2.49085ms)
  AssertionError [ERR_ASSERTION]: Expected values to be strictly deep-equal:
  + actual - expected
  
    [
      {
        id: 'routine',
        mapping: {
  -       ['__proto__']: 'night',
          on: 'normal'
        },
        unchanged: {
          value: 42
        }
  
      at TestContext.<anonymous> (file:///home/rasse/homectl/ui/lib/query-client.test.ts:13:10)
      at Test.runInAsyncScope (node:async_hooks:227:14)
      at Test.run (node:internal/test_runner/test:1397:25)
      at Test.start (node:internal/test_runner/test:1257:17)
      at startSubtestAfterBootstrap (node:internal/test_runner/harness:387:17)
      at process.processTicksAndRejections (node:internal/process/task_queues:104:5) {
    generatedMessage: true,
    code: 'ERR_ASSERTION',
    actual: [ { id: 'routine', mapping: [Object], unchanged: [Object] } ],
    expected: [ { id: 'routine', mapping: [Object], unchanged: [Object] } ],
    operator: 'deepStrictEqual',
    diff: 'simple'
  }
