$ node --experimental-strip-types --test 'lib/**/*.test.ts'
(node:2476417) [MODULE_TYPELESS_PACKAGE_JSON] Warning: Module type of file:///home/rasse/homectl/ui/lib/assistant-diff.test.ts is not specified and it doesn't parse as CommonJS.
Reparsing as ES module because module syntax was detected. This incurs a performance overhead.
To eliminate this warning, add "type": "module" to /home/rasse/homectl/ui/package.json.
(Use `node --trace-warnings ...` to show where the warning was created)
✔ stableStringify sorts object keys deterministically (0.947247ms)
✔ diffTopLevelFields reports added, removed, and changed fields (0.608537ms)
✔ diffTopLevelFields is order-insensitive for nested objects (0.09091ms)
✔ assistantFieldLabel uses per-kind labels and humanizes the rest (0.06635ms)
✔ describeJsonValue summarizes values (0.194869ms)
✔ formatJson pretty prints values (0.300909ms)
✔ operationTarget resolves create and existing entities (0.235789ms)
✔ operationChangeSummary describes creates, deletes, and updates (0.199459ms)
✔ operationFieldChanges ignores server bookkeeping fields (0.244409ms)
✔ operationDetails summarizes scene target changes (0.388009ms)
✔ operationDetails summarizes group membership changes (0.1694ms)
✔ operationDetails summarizes routine section changes (0.239749ms)
✔ operationDetails summarizes integration config changes (0.07195ms)
✔ destructive and default acceptance rules (0.04946ms)
✔ collectChangedDeviceKeys unions scene, group, and device operations (0.320369ms)
✔ collectChangedGroupIds unions group and scene operations (0.512808ms)
✔ planOperationCounts counts each operation kind (0.157459ms)
✔ describeRoutineDefinition summarizes triggers and program (0.142729ms)
✔ upsertAssistantAttachment replaces matching kind/id pairs (0.08991ms)
(node:2476418) [MODULE_TYPELESS_PACKAGE_JSON] Warning: Module type of file:///home/rasse/homectl/ui/lib/assistant-stream.test.ts is not specified and it doesn't parse as CommonJS.
Reparsing as ES module because module syntax was detected. This incurs a performance overhead.
To eliminate this warning, add "type": "module" to /home/rasse/homectl/ui/package.json.
(Use `node --trace-warnings ...` to show where the warning was created)
✔ parseAssistantSseEvents parses complete frames and buffers partial ones (1.013186ms)
✔ parseAssistantSseEvents handles CRLF, usage, results, and errors (0.192199ms)
✔ buildAssistantHistory keeps the newest turns and caps sizes (0.28852ms)
✔ formatTokenCount renders compact approximate counts (0.11884ms)
✔ describeAssistantActionChange summarizes power, brightness, and color (0.100219ms)
✔ contextUsagePercent clamps to the context window (0.08719ms)
✔ affectedDevicesSummary counts devices and surfaces failures (0.893956ms)
(node:2476419) [MODULE_TYPELESS_PACKAGE_JSON] Warning: Module type of file:///home/rasse/homectl/ui/lib/axisSpan.test.ts is not specified and it doesn't parse as CommonJS.
Reparsing as ES module because module syntax was detected. This incurs a performance overhead.
To eliminate this warning, add "type": "module" to /home/rasse/homectl/ui/package.json.
(Use `node --trace-warnings ...` to show where the warning was created)
✔ a flat temperature series is widened to the minimum span (0.499698ms)
✔ a wide temperature series is untouched (0.513478ms)
✔ humidity uses its own floor (0.097689ms)
✔ units without a floor keep their range, and bad input passes through (0.08022ms)
(node:2476420) [MODULE_TYPELESS_PACKAGE_JSON] Warning: Module type of file:///home/rasse/homectl/ui/lib/brightnessCalibration.test.ts is not specified and it doesn't parse as CommonJS.
Reparsing as ES module because module syntax was detected. This incurs a performance overhead.
To eliminate this warning, add "type": "module" to /home/rasse/homectl/ui/package.json.
(Use `node --trace-warnings ...` to show where the warning was created)
✔ suggestions are editable points, not a required sequence (1.525775ms)
✔ percentages round-trip through typed text and steps (0.277029ms)
✔ validation names the row that is wrong (0.358319ms)
✔ the client maps brightness exactly like the server does (1.19755ms)
✔ the review says what the edges do, including a capped ceiling (1.357885ms)
✔ dimmable means the brightness capability, colour or not (0.134229ms)
(node:2476426) [MODULE_TYPELESS_PACKAGE_JSON] Warning: Module type of file:///home/rasse/homectl/ui/lib/colorBytes.test.ts is not specified and it doesn't parse as CommonJS.
Reparsing as ES module because module syntax was detected. This incurs a performance overhead.
To eliminate this warning, add "type": "module" to /home/rasse/homectl/ui/package.json.
(Use `node --trace-warnings ...` to show where the warning was created)
✔ hsToRgbBytes returns 0-255 components the renderer can use (0.892117ms)
✔ a desaturated hue renders as bright white, not black (0.160459ms)
✔ saturated hues never collapse to near-black (0.161539ms)
✔ hue wraps and saturation clamps like the device colour path (0.07356ms)
(node:2476432) [MODULE_TYPELESS_PACKAGE_JSON] Warning: Module type of file:///home/rasse/homectl/ui/lib/conditionEditing.test.ts is not specified and it doesn't parse as CommonJS.
Reparsing as ES module because module syntax was detected. This incurs a performance overhead.
To eliminate this warning, add "type": "module" to /home/rasse/homectl/ui/package.json.
(Use `node --trace-warnings ...` to show where the warning was created)
✔ unknown or malformed condition fields remain unsupported instead of being coerced (2.030883ms)
✔ source identities distinguish kinds and preserve path-independent editor identity (0.28437ms)
(node:2476443) [MODULE_TYPELESS_PACKAGE_JSON] Warning: Module type of file:///home/rasse/homectl/ui/lib/conditionWords.test.ts is not specified and it doesn't parse as CommonJS.
Reparsing as ES module because module syntax was detected. This incurs a performance overhead.
To eliminate this warning, add "type": "module" to /home/rasse/homectl/ui/package.json.
(Use `node --trace-warnings ...` to show where the warning was created)
✔ fieldLabel names known fields and falls back to the pointer tail (0.625858ms)
✔ operatorWords reads as words, never as tokens (0.131459ms)
✔ valueWords renders booleans and brightness as people say them (0.1019ms)
✔ conditionWords reads as one sentence (0.097119ms)
(node:2476449) [MODULE_TYPELESS_PACKAGE_JSON] Warning: Module type of file:///home/rasse/homectl/ui/lib/configSection.test.ts is not specified and it doesn't parse as CommonJS.
Reparsing as ES module because module syntax was detected. This incurs a performance overhead.
To eliminate this warning, add "type": "module" to /home/rasse/homectl/ui/package.json.
(Use `node --trace-warnings ...` to show where the warning was created)
✔ deepCopy isolates nested values (0.679317ms)
✔ deepEqual compares nested objects without identity (0.252599ms)
✔ pickFields returns only the section fields (0.686637ms)
✔ mergeFields keeps fields outside the section (0.15026ms)
✔ sectionChangedElsewhere detects concurrent edits to the same fields (0.23077ms)
✔ formatFreshness describes known and unknown freshness (0.12956ms)
✔ firstInvalidField points at the first invalid subsection (0.996966ms)
✔ pickFields keeps nested paths nested so sections can own sub-fields (0.09891ms)
✔ mergeFields merges nested paths without dropping sibling fields (0.114ms)
✔ mergeFields creates missing parents and replaces arrays wholesale (0.566198ms)
✔ sectionChangedElsewhere compares only the fields the section owns (0.327889ms)
(node:2476455) [MODULE_TYPELESS_PACKAGE_JSON] Warning: Module type of file:///home/rasse/homectl/ui/lib/conflictPresentation.test.ts is not specified and it doesn't parse as CommonJS.
Reparsing as ES module because module syntax was detected. This incurs a performance overhead.
To eliminate this warning, add "type": "module" to /home/rasse/homectl/ui/package.json.
(Use `node --trace-warnings ...` to show where the warning was created)
✔ conflict reviews mask credentials throughout nested objects and arrays (1.897863ms)
(node:2476458) [MODULE_TYPELESS_PACKAGE_JSON] Warning: Module type of file:///home/rasse/homectl/ui/lib/creationDraft.test.ts is not specified and it doesn't parse as CommonJS.
Reparsing as ES module because module syntax was detected. This incurs a performance overhead.
To eliminate this warning, add "type": "module" to /home/rasse/homectl/ui/package.json.
(Use `node --trace-warnings ...` to show where the warning was created)
✔ a draft round-trips through sessionStorage (1.493495ms)
✔ payloads that look like credentials are refused and never read back (0.285179ms)
✔ a draft from another version or another kind is ignored (0.195289ms)
✔ no storage at all is survivable (0.13709ms)
✔ draft age reads in plain language (0.16662ms)
(node:2476460) [MODULE_TYPELESS_PACKAGE_JSON] Warning: Module type of file:///home/rasse/homectl/ui/lib/deviceColor.test.ts is not specified and it doesn't parse as CommonJS.
Reparsing as ES module because module syntax was detected. This incurs a performance overhead.
To eliminate this warning, add "type": "module" to /home/rasse/homectl/ui/package.json.
(Use `node --trace-warnings ...` to show where the warning was created)
▶ device colour wire format
  ✔ edits and previews Kelvin directly, matching the backend DeviceColor contract (1.038667ms)
  ✔ recognises every untagged variant (0.108219ms)
  ✔ does not recognise the tagged shapes the old editor assumed (0.06758ms)
  ✔ keeps a saved HS value (screenshot 7 regression) (0.312019ms)
  ✔ loads, changes, saves, and reloads each variant unchanged (0.252848ms)
  ✔ does not silently drop an XY value it cannot edit directly (0.08301ms)
  ✔ gives each mode a valid starting value (0.0783ms)
  ✔ names colours accessibly without colour being the only signal (0.097249ms)
  ✔ previews brightness without changing the colour itself (0.0815ms)
  ✔ uses full-value HSV so zero saturation is white and hue stays vivid (0.106489ms)
✔ device colour wire format (4.178815ms)
(node:2476464) [MODULE_TYPELESS_PACKAGE_JSON] Warning: Module type of file:///home/rasse/homectl/ui/lib/durationInput.test.ts is not specified and it doesn't parse as CommonJS.
Reparsing as ES module because module syntax was detected. This incurs a performance overhead.
To eliminate this warning, add "type": "module" to /home/rasse/homectl/ui/package.json.
(Use `node --trace-warnings ...` to show where the warning was created)
✔ durations retain exact milliseconds across fractional units (0.955156ms)
✔ duration validation distinguishes incomplete, optional and unsafe values (0.159259ms)
(node:2476495) [MODULE_TYPELESS_PACKAGE_JSON] Warning: Module type of file:///home/rasse/homectl/ui/lib/entityDraft.test.ts is not specified and it doesn't parse as CommonJS.
Reparsing as ES module because module syntax was detected. This incurs a performance overhead.
To eliminate this warning, add "type": "module" to /home/rasse/homectl/ui/package.json.
(Use `node --trace-warnings ...` to show where the warning was created)
✔ unfinished numeric input retains its type, blocks saves and survives navigation until discarded (3.245378ms)
✔ raw numeric state is never submitted and only acknowledged input is cleared by a save (0.708967ms)
✔ clean refresh and reviewed remote values cannot leave a stale numeric display (0.444308ms)
✔ collection variants and unfinished inputs follow reordered items and disappear with removed items (0.478428ms)
✔ switching type clears incomplete inputs and distinguishes cached null from an absent variant (0.15119ms)
✔ draft retains all collections and unknown fields across background refreshes and discard (0.184619ms)
✔ edits made while saving survive response normalization and a delayed response cannot clear newer work (0.175839ms)
✔ failed save retains draft and reviewed conflict choices preserve unrelated server changes (0.298599ms)
✔ inactive variants survive navigation and are discarded explicitly (0.299989ms)
✔ nested conflict choices preserve remote siblings and treat arrays and variants as units (1.285585ms)
(node:2476498) [MODULE_TYPELESS_PACKAGE_JSON] Warning: Module type of file:///home/rasse/homectl/ui/lib/floorplanDraft.test.ts is not specified and it doesn't parse as CommonJS.
Reparsing as ES module because module syntax was detected. This incurs a performance overhead.
To eliminate this warning, add "type": "module" to /home/rasse/homectl/ui/package.json.
(Use `node --trace-warnings ...` to show where the warning was created)
✔ floorplan authoring preserves labels, unavailable placements and extension data (2.404761ms)
✔ malformed or future layouts are kept out of drawing controls instead of silently repaired (0.253849ms)
✔ floorplan conflict summaries show layout dimensions and omit uploaded image bytes (0.568568ms)
(node:2476501) [MODULE_TYPELESS_PACKAGE_JSON] Warning: Module type of file:///home/rasse/homectl/ui/lib/group-floorplan-preview.test.ts is not specified and it doesn't parse as CommonJS.
Reparsing as ES module because module syntax was detected. This incurs a performance overhead.
To eliminate this warning, add "type": "module" to /home/rasse/homectl/ui/package.json.
(Use `node --trace-warnings ...` to show where the warning was created)
✔ resolveGroupDeviceKeys flattens nested groups and deduplicates (4.807218ms)
✔ resolveGroupDeviceKeys falls back to raw device refs (0.1498ms)
✔ selectGroupFloorplan prefers an explicit placement mask (0.288829ms)
✔ selectGroupFloorplan picks the floorplan with the most devices (0.16053ms)
✔ selectGroupFloorplan tie-breaks deterministically by id (9.200746ms)
✔ selectGroupFloorplan returns null when nothing is placed (0.216279ms)
✔ getGroupFocusBounds pads and clamps to the floorplan (0.504598ms)
✔ getGroupFocusBounds ignores unplaced devices and empty input (0.214979ms)
✔ getGroupFocusBounds caps a lone device zoom with a minimum span (0.202749ms)
✔ getGroupFocusBounds keeps tight bounds when the minimum span is disabled (0.170089ms)
✔ getGroupFocusBounds shifts at floorplan edges to keep the minimum span (0.12325ms)
✔ getGroupFocusBounds keeps wide clusters at their own span (0.08678ms)
(node:2476522) [MODULE_TYPELESS_PACKAGE_JSON] Warning: Module type of file:///home/rasse/homectl/ui/lib/groupGraph.test.ts is not specified and it doesn't parse as CommonJS.
Reparsing as ES module because module syntax was detected. This incurs a performance overhead.
To eliminate this warning, add "type": "module" to /home/rasse/homectl/ui/package.json.
(Use `node --trace-warnings ...` to show where the warning was created)
✔ findNestedCycle detects a direct nesting loop (1.360725ms)
✔ findNestedCycle follows the candidate down to the group (0.14138ms)
✔ findExistingPath reports redundant nesting (0.09199ms)
✔ findNestedCycle stops on an existing unrelated loop (0.062149ms)
✔ describeGroupUsage lists the scenes and routines that target a room (1.149186ms)
✔ describeGroupUsage finds group keys nested inside steps (0.1402ms)
✔ missingGroupDevices keeps unresolved members visible (0.14619ms)
✔ suggestId slugifies a name and avoids collisions (0.180019ms)
✔ v2 group targets and comparison sources are included in usage (0.185059ms)
(node:2476525) [MODULE_TYPELESS_PACKAGE_JSON] Warning: Module type of file:///home/rasse/homectl/ui/lib/integrationDraft.test.ts is not specified and it doesn't parse as CommonJS.
Reparsing as ES module because module syntax was detected. This incurs a performance overhead.
To eliminate this warning, add "type": "module" to /home/rasse/homectl/ui/package.json.
(Use `node --trace-warnings ...` to show where the warning was created)
✔ editing a nested field preserves omission, false, zero, ordered collections and unknown siblings (1.206631ms)
✔ legacy MQTT inference controls visibility without materializing an explicit mode (0.139389ms)
✔ nested extension names stay own properties without changing prototypes (0.07841ms)
✔ capability temperature ranges use positive ascending Kelvin values (0.459728ms)
✔ validation checks all sensor pointers, range bounds and integer ports (0.402558ms)
✔ capability validation distinguishes optional dimming from required booleans and u16 bounds (1.640354ms)
✔ dummy initial readings support all sensor variants and retain false, zero, empty text and extensions (0.892127ms)
✔ malformed dummy collections and initial states stay invalid until explicitly repaired (0.234729ms)
(node:2476539) [MODULE_TYPELESS_PACKAGE_JSON] Warning: Module type of file:///home/rasse/homectl/ui/lib/liveStateSummary.test.ts is not specified and it doesn't parse as CommonJS.
Reparsing as ES module because module syntax was detected. This incurs a performance overhead.
To eliminate this warning, add "type": "module" to /home/rasse/homectl/ui/package.json.
(Use `node --trace-warnings ...` to show where the warning was created)
✔ equal state previews do not depend on color key order (5.509394ms)
✔ mixed brightness never becomes an average shared value (0.513478ms)
✔ unknown members prevent a misleading complete preview (0.15289ms)
✔ off and unspecified values retain their meaning (0.353809ms)
(node:2476543) [MODULE_TYPELESS_PACKAGE_JSON] Warning: Module type of file:///home/rasse/homectl/ui/lib/longPress.test.ts is not specified and it doesn't parse as CommonJS.
Reparsing as ES module because module syntax was detected. This incurs a performance overhead.
To eliminate this warning, add "type": "module" to /home/rasse/homectl/ui/package.json.
(Use `node --trace-warnings ...` to show where the warning was created)
✔ a press that stays within the tolerance stays a hold (0.916417ms)
✔ a press that travels past the tolerance is a scroll (0.08627ms)
✔ the tolerance is a straight-line distance, not per axis (0.07539ms)
✔ a custom tolerance overrides the default (0.05958ms)
✔ the shared defaults match the gesture contract (0.18401ms)
(node:2476549) [MODULE_TYPELESS_PACKAGE_JSON] Warning: Module type of file:///home/rasse/homectl/ui/lib/preferences.test.ts is not specified and it doesn't parse as CommonJS.
Reparsing as ES module because module syntax was detected. This incurs a performance overhead.
To eliminate this warning, add "type": "module" to /home/rasse/homectl/ui/package.json.
(Use `node --trace-warnings ...` to show where the warning was created)
✔ pushRecent dedupes, prepends, and bounds the list (1.229315ms)
✔ toggleFavoriteKey adds and removes keys (0.171939ms)
✔ rankByPreference orders favorites, then recents, then original (0.313129ms)
✔ rankByPreference keeps original order without preferences (0.10781ms)
(node:2476556) [MODULE_TYPELESS_PACKAGE_JSON] Warning: Module type of file:///home/rasse/homectl/ui/lib/preview-mount-budget.test.ts is not specified and it doesn't parse as CommonJS.
Reparsing as ES module because module syntax was detected. This incurs a performance overhead.
To eliminate this warning, add "type": "module" to /home/rasse/homectl/ui/package.json.
(Use `node --trace-warnings ...` to show where the warning was created)
✔ mounts at most the capacity, prioritising visible previews (1.024836ms)
✔ keeps previously visible previews mounted while capacity remains (0.188999ms)
✔ evicts the least recently visible preview for a new one (0.232289ms)
✔ unregister frees capacity and promotes a visible waiter (0.188329ms)
✔ notifies subscribers only when the mounted set changes (0.1616ms)
(node:2476562) [MODULE_TYPELESS_PACKAGE_JSON] Warning: Module type of file:///home/rasse/homectl/ui/lib/query-client.test.ts is not specified and it doesn't parse as CommonJS.
Reparsing as ES module because module syntax was detected. This incurs a performance overhead.
To eliminate this warning, add "type": "module" to /home/rasse/homectl/ui/package.json.
(Use `node --trace-warnings ...` to show where the warning was created)
✔ cache sharing preserves nested special keys, omission, null and non-JSON leaf values (1.366445ms)
✔ configuration cache preserves arbitrary JSON keys through repeated updates (1.025307ms)
(node:2476563) [MODULE_TYPELESS_PACKAGE_JSON] Warning: Module type of file:///home/rasse/homectl/ui/lib/routineActivity.test.ts is not specified and it doesn't parse as CommonJS.
Reparsing as ES module because module syntax was detected. This incurs a performance overhead.
To eliminate this warning, add "type": "module" to /home/rasse/homectl/ui/package.json.
(Use `node --trace-warnings ...` to show where the warning was created)
✔ an evaluation without a run outcome never claims dispatch or successful execution (0.966126ms)
✔ blocked coalesced attempts remain separate from old run evidence (8.898254ms)
✔ policy rejection, suppression and unknown conditions keep their recorded meaning (0.264059ms)
✔ legacy history without a condition trace still records a run, not a failed evaluation (0.11454ms)
(node:2476574) [MODULE_TYPELESS_PACKAGE_JSON] Warning: Module type of file:///home/rasse/homectl/ui/lib/routineDraft.test.ts is not specified and it doesn't parse as CommonJS.
Reparsing as ES module because module syntax was detected. This incurs a performance overhead.
To eliminate this warning, add "type": "module" to /home/rasse/homectl/ui/package.json.
(Use `node --trace-warnings ...` to show where the warning was created)
✔ future and malformed dynamic selections remain outside the editable renderer (0.697657ms)
✔ reordering preserves node and branch identities, scopes and unknown values (0.653977ms)
✔ duplicating a branch allocates new identities throughout without renaming timer references (4.727144ms)
✔ JSON transport converts safe bigint durations and refuses precision loss and nonfinite values (0.368858ms)
✔ empty logic groups and duplicate nested IDs have visible validation errors (0.407139ms)
✔ arbitrary JSON payload identities and unknown fields survive duplication and validation (0.241939ms)
(node:2476582) [MODULE_TYPELESS_PACKAGE_JSON] Warning: Module type of file:///home/rasse/homectl/ui/lib/routineJourney.test.ts is not specified and it doesn't parse as CommonJS.
Reparsing as ES module because module syntax was detected. This incurs a performance overhead.
To eliminate this warning, add "type": "module" to /home/rasse/homectl/ui/package.json.
(Use `node --trace-warnings ...` to show where the warning was created)
✔ a device key splits into an integration and device id (1.150596ms)
✔ device fields come from the live payload, with values and freshness (0.326139ms)
✔ time parsing rejects nonsense instead of guessing (0.272229ms)
✔ cron is derived from a local time and weekday choice (0.275189ms)
✔ the definition follows the chosen intent (0.549088ms)
✔ “stays this way for” becomes a predicate_for trigger body (0.240819ms)
✔ the outcome becomes a scene activation or a power step (0.22211ms)
✔ values are coerced to the field kind (0.09372ms)
✔ validation names each missing piece (0.326289ms)
✔ the review sentence reads like a sentence (0.496339ms)
✔ nothing is preselected until a card is chosen (0.09529ms)
✔ copying an existing routine reuses its definition (0.12351ms)
✔ ids are slugged for the config key (0.115909ms)
(node:2476583) [MODULE_TYPELESS_PACKAGE_JSON] Warning: Module type of file:///home/rasse/homectl/ui/lib/routineNarrative.test.ts is not specified and it doesn't parse as CommonJS.
Reparsing as ES module because module syntax was detected. This incurs a performance overhead.
To eliminate this warning, add "type": "module" to /home/rasse/homectl/ui/package.json.
(Use `node --trace-warnings ...` to show where the warning was created)
✔ state-change triggers read as a sentence, not a mode (1.031927ms)
✔ report triggers name the field (0.142819ms)
✔ schedules translate cron into words and keep the raw form as detail (0.457139ms)
✔ comparisons name the reading and the limit (0.345198ms)
✔ missing readings are reported as waiting for data, not as false (2.992175ms)
✔ nested conditions join with and/or and keep their evidence (0.175539ms)
✔ room conditions read as membership statements (0.0912ms)
✔ readings carry their units (0.1389ms)
✔ a false condition says which reading is short (0.19703ms)
✔ waiting for data is reserved for unreadable inputs (0.19765ms)
✔ disabled and unevaluated routines say so plainly (0.08364ms)
✔ the last recorded outcome stays separate from live evaluation (0.10445ms)
✔ durations read as words (0.05757ms)
(node:2476585) [MODULE_TYPELESS_PACKAGE_JSON] Warning: Module type of file:///home/rasse/homectl/ui/lib/routinePolicy.test.ts is not specified and it doesn't parse as CommonJS.
Reparsing as ES module because module syntax was detected. This incurs a performance overhead.
To eliminate this warning, add "type": "module" to /home/rasse/homectl/ui/package.json.
(Use `node --trace-warnings ...` to show where the warning was created)
✔ describeExecutionPolicy explains overlapping runs and action caps (0.750667ms)
✔ describeExecutionPolicy reports rate limits in seconds or minutes (0.13463ms)
(node:2476607) [MODULE_TYPELESS_PACKAGE_JSON] Warning: Module type of file:///home/rasse/homectl/ui/lib/routineRuntimeText.test.ts is not specified and it doesn't parse as CommonJS.
Reparsing as ES module because module syntax was detected. This incurs a performance overhead.
To eliminate this warning, add "type": "module" to /home/rasse/homectl/ui/package.json.
(Use `node --trace-warnings ...` to show where the warning was created)
▶ triggerStateSentence
  ✔ names the absent evidence when enabled with no report yet (0.854467ms)
  ✔ names the trigger that has not reported (0.168559ms)
  ✔ says a disabled routine is not evaluated (0.20646ms)
  ✔ keeps an armed schedule and an unknown input apart (7.928211ms)
  ✔ does not claim a deadline when none is armed (0.09991ms)
✔ triggerStateSentence (10.415663ms)
(node:2476610) [MODULE_TYPELESS_PACKAGE_JSON] Warning: Module type of file:///home/rasse/homectl/ui/lib/sceneCapture.test.ts is not specified and it doesn't parse as CommonJS.
Reparsing as ES module because module syntax was detected. This incurs a performance overhead.
To eliminate this warning, add "type": "module" to /home/rasse/homectl/ui/package.json.
(Use `node --trace-warnings ...` to show where the warning was created)
✔ a power-only device captures power and omits the rest (1.528885ms)
✔ supported brightness and hue color are captured in the scene color shape (0.234059ms)
✔ a color space the device does not advertise is left out with a reason (0.173099ms)
✔ a supported field with no requested value is omitted with a reason (0.183319ms)
✔ capture follows the requested state when the report disagrees (0.160109ms)
✔ an offline device still captures the requested state and says so (0.194519ms)
✔ sensors and unknown payloads cannot be captured (0.10879ms)
✔ color shapes convert from live to scene form and match capabilities (0.104389ms)
✔ brightness is inferred from color capabilities but never overridden (0.09023ms)
✔ room targets start from a manual shared state (0.122979ms)
(node:2476631) [MODULE_TYPELESS_PACKAGE_JSON] Warning: Module type of file:///home/rasse/homectl/ui/lib/sceneDraft.test.ts is not specified and it doesn't parse as CommonJS.
Reparsing as ES module because module syntax was detected. This incurs a performance overhead.
To eliminate this warning, add "type": "module" to /home/rasse/homectl/ui/package.json.
(Use `node --trace-warnings ...` to show where the warning was created)
✔ draft target preview follows the same device through ordered scene group targets (1.930933ms)
✔ device link scales brightness and preserves source color representation (0.112099ms)
✔ omission, zero, off and unknown fields remain distinct during editing (0.289079ms)
✔ links neither invent aliases nor recurse forever (0.270229ms)
✔ group order is deduplicated and remaining IDs are alphabetical (0.225159ms)
✔ invalid color and nonfinite brightness are rejected without changing a draft (0.274649ms)
(node:2476632) [MODULE_TYPELESS_PACKAGE_JSON] Warning: Module type of file:///home/rasse/homectl/ui/lib/sceneEffects.test.ts is not specified and it doesn't parse as CommonJS.
Reparsing as ES module because module syntax was detected. This incurs a performance overhead.
To eliminate this warning, add "type": "module" to /home/rasse/homectl/ui/package.json.
(Use `node --trace-warnings ...` to show where the warning was created)
✔ a room target expands to the devices it changes (1.354335ms)
✔ a device target after a room target wins, and says so (0.282929ms)
✔ later room targets win over earlier ones in saved order (0.139739ms)
✔ an unresolved room explains itself and offers a repair (0.13586ms)
✔ an unavailable device target is named, not silently dropped (0.107179ms)
✔ a scene target that sets nothing is flagged rather than described as a change (0.08324ms)
✔ missing references are counted by where they live (0.24064ms)
✔ a missing room counts as a room target, not a member (0.397109ms)
✔ colour words never leak raw hue numbers (0.538078ms)
✔ state words read as an effect list (0.279318ms)
(node:2476634) [MODULE_TYPELESS_PACKAGE_JSON] Warning: Module type of file:///home/rasse/homectl/ui/lib/sceneTargets.test.ts is not specified and it doesn't parse as CommonJS.
Reparsing as ES module because module syntax was detected. This incurs a performance overhead.
To eliminate this warning, add "type": "module" to /home/rasse/homectl/ui/package.json.
(Use `node --trace-warnings ...` to show where the warning was created)
✔ sceneTargetMode classifies the three target shapes (0.521968ms)
✔ describeSceneTarget summarizes an explicit device state (0.168379ms)
✔ describeSceneTarget reports a precise reason when a linked scene is gone (0.126609ms)
✔ describeSceneTarget reports a precise reason when a tracked device is gone (0.10066ms)
✔ describeSceneTarget accepts omitted explicit state and flags unchosen links (0.741617ms)
✔ orderedSceneTargets honors the saved order and keeps unknown keys out (0.543208ms)
✔ sceneTargetsSummary counts targets, unresolved references, and a script (0.341499ms)
✔ a device link survives an integration rename instead of reading as gone (0.16897ms)
✔ a device link is only reported missing when the id is gone too (0.20769ms)
(node:2476635) [MODULE_TYPELESS_PACKAGE_JSON] Warning: Module type of file:///home/rasse/homectl/ui/lib/sourceDraft.test.ts is not specified and it doesn't parse as CommonJS.
Reparsing as ES module because module syntax was detected. This incurs a performance overhead.
To eliminate this warning, add "type": "module" to /home/rasse/homectl/ui/package.json.
(Use `node --trace-warnings ...` to show where the warning was created)
✔ source script params preserve every JSON shape and require exactly one body or pin (11.832458ms)
✔ circadian timing rejects invalid windows and focuses the editable parameter (0.527508ms)
✔ only known circadian versions use the circadian parameter contract (0.118389ms)
✔ source aliases distinguish omission and empty lists from malformed or duplicate entries (1.349505ms)
✔ unknown built-in versions and script pins retain separate identities (0.395319ms)
(node:2476641) [MODULE_TYPELESS_PACKAGE_JSON] Warning: Module type of file:///home/rasse/homectl/ui/lib/visualViewport.test.ts is not specified and it doesn't parse as CommonJS.
Reparsing as ES module because module syntax was detected. This incurs a performance overhead.
To eliminate this warning, add "type": "module" to /home/rasse/homectl/ui/package.json.
(Use `node --trace-warnings ...` to show where the warning was created)
✔ a keyboard-sized inset sizes the sheet to the visual viewport (0.457519ms)
✔ browser chrome changes leave the sheet on the dynamic viewport height (0.114209ms)
✔ an inset at the keyboard threshold counts as a keyboard (0.07537ms)
✔ a missing or nonsensical height falls back to the dynamic viewport (0.20708ms)
(node:2476648) [MODULE_TYPELESS_PACKAGE_JSON] Warning: Module type of file:///home/rasse/homectl/ui/lib/websocketReconnect.test.ts is not specified and it doesn't parse as CommonJS.
Reparsing as ES module because module syntax was detected. This incurs a performance overhead.
To eliminate this warning, add "type": "module" to /home/rasse/homectl/ui/package.json.
(Use `node --trace-warnings ...` to show where the warning was created)
✔ backs off exponentially and caps the delay (0.517648ms)
✔ treats a negative or fractional attempt count as zero (0.09977ms)
✔ reconnects at once when the socket is gone or closing (0.07091ms)
✔ waits for an in-flight connection instead of racing it (0.064159ms)
✔ probes a socket the browser still reports as open (0.06464ms)
✔ maps websocket readyState values onto readiness (0.079099ms)
(node:2476663) [MODULE_TYPELESS_PACKAGE_JSON] Warning: Module type of file:///home/rasse/homectl/ui/lib/websocketRevision.test.ts is not specified and it doesn't parse as CommonJS.
Reparsing as ES module because module syntax was detected. This incurs a performance overhead.
To eliminate this warning, add "type": "module" to /home/rasse/homectl/ui/package.json.
(Use `node --trace-warnings ...` to show where the warning was created)
✔ applies a patch that follows the last revision (0.800667ms)
✔ requests a resync when a patch skips revisions (0.163349ms)
✔ requests a resync when no revision was seen yet (0.123959ms)
✔ ignores duplicate and stale patches (0.167429ms)
ℹ tests 234
ℹ suites 2
ℹ pass 234
ℹ fail 0
ℹ cancelled 0
ℹ skipped 0
ℹ todo 0
ℹ duration_ms 349.906928
