{
 "driven": {
  "passed": true,
  "width": 430,
  "checks": [
   "Scrolling floorplan tabs available",
   "Map renders",
   "Tabs share AppBar before assistant without overflow",
   "Hold opens radial control",
   "Release keeps radial open without selection",
   "Title has a background; brightness ring and power button use the light color",
   "Held brightness applies immediately and coalesces a slow acknowledgement into the latest value",
   "Brightness remains steady across release and delayed older acknowledgements",
   "Outer ring flushes the final brightness on release",
   "Inner circle controls hue and saturation",
   "compact density: centered 192 px hue wheel and indicator within its color surface in all four quadrants",
   "comfortable density: centered 192 px hue wheel and indicator within its color surface in all four quadrants",
   "Hue applies while held and stays steady across release and acknowledgement",
   "Selected hue immediately colors the indicator, brightness arc and power button",
   "Power-off centre matches the darkened floorplan marker",
   "Power-on restores the selected light color",
   "After a held value is confirmed, later device updates remain visible",
   "Color temperature mode and keyboard adjustment",
   "Outside tap dismisses radial",
   "Direct hold drag reopens radial",
   "Hold and drag commits brightness and stays open",
   "Cancelled touch discards brightness draft",
   "Escape dismisses radial",
   "Tap opens full device sheet",
   "Hold with sheet enters selection and preserves first light",
   "Tap deselects in selection mode",
   "Last deselection exits mode",
   "Radial offers a selection icon",
   "Selection icon enters multi-light selection and closes radial",
   "Radial selection retains last-deselect exit behavior",
   "Numeric sensor quick control opens",
   "Numeric stepper sends an unrestricted numeric event",
   "Dimmer vertical quick controls open",
   "Dimmer uses configured event values",
   "Office button discovers action controls even while current state is off",
   "Press event accepted",
   "Press event accepted",
   "Double press event accepted",
   "Hold event accepted",
   "Off event accepted",
   "All four MQTT action values simulate through normalized sensor input; repeated Press sends a second event",
   "Sensor hold opens quick controls",
   "Sensor simulated event accepted",
   "Sensor sheet shows persisted boolean step history",
   "Filtered history shows multiple sensor values",
   "Settings landing uses flat navigation lists",
   "Button device settings exposes control mappings",
   "Button event mapping fields are directly editable",
   "Custom button event mapping saved",
   "Map returns after editing sensor settings",
   "Saved mapping supplies button quick controls",
   "Custom Press event accepted",
   "Saved mapping is used by the shared quick-control path"
  ]
 }
}
{"url":"http://127.0.0.1:3021/map","viewport":{"width":430,"height":932},"problems":[]}
