{
 "driven": {
  "passed": true,
  "checks": [
   {
    "name": "Fixed document, crisp canvas and no document overflow",
    "passed": true
   },
   {
    "name": "F switches brush to rectangle without editing the document",
    "passed": true
   },
   {
    "name": "F switches rectangle back to brush",
    "passed": true
   },
   {
    "name": "E enables tile erasing with a distinct eraser cursor",
    "passed": true
   },
   {
    "name": "E restores Walls painting and its normal cursor",
    "passed": true
   },
   {
    "name": "Wheel zoom changes the transform without dirtying the draft",
    "passed": true
   },
   {
    "name": "Middle-drag pans even in Walls mode without painting",
    "passed": true
   },
   {
    "name": "A mouse or touch stroke edits only the draft",
    "passed": true
   },
   {
    "name": "Drawing leaves the saved revision untouched",
    "passed": true
   },
   {
    "name": "One Undo reverses the complete stroke",
    "passed": true
   },
   {
    "name": "Redo restores the stroke",
    "passed": true
   },
   {
    "name": "Discard restores the saved document",
    "passed": true
   },
   {
    "name": "Keyboard tile navigation and Enter edit the focused tile",
    "passed": true
   },
   {
    "name": "Keyboard painting participates in draft Undo",
    "passed": true
   },
   {
    "name": "Unplaced catalog entry arms canvas placement",
    "passed": true
   },
   {
    "name": "Canvas placement opens the position inspector",
    "passed": true
   },
   {
    "name": "New device placement defaults to quarter-grid snapping",
    "passed": true
   },
   {
    "name": "Inspector snaps an existing placement to the selected whole grid",
    "passed": true
   },
   {
    "name": "Quarter-grid control snaps exact typed coordinates",
    "passed": true
   },
   {
    "name": "Dragging respects whole-grid snapping",
    "passed": true
   },
   {
    "name": "Alt bypasses snapping during a device drag",
    "passed": true
   },
   {
    "name": "Shift uses quarter-grid precision while whole-grid mode stays selected",
    "passed": true
   },
   {
    "name": "Free mode supports precise placement on desktop and touch",
    "passed": true
   },
   {
    "name": "Fractional coordinate editing stays unsaved",
    "passed": true
   },
   {
    "name": "Placement save preserves unknown grid extensions",
    "passed": true
   },
   {
    "name": "Fractional coordinates survive the API round trip",
    "passed": true
   },
   {
    "name": "E erases room areas without switching into tile erasing",
    "passed": true
   },
   {
    "name": "E restores room painting without changing mode",
    "passed": true
   },
   {
    "name": "Room mask painting edits the draft",
    "passed": true
   },
   {
    "name": "Room mask stroke is one undo step",
    "passed": true
   },
   {
    "name": "Reviewed resize edits draft only",
    "passed": true
   },
   {
    "name": "Discard restores pre-resize dimensions",
    "passed": true
   },
   {
    "name": "Conflicting save keeps the draft and exposes review",
    "passed": true
   },
   {
    "name": "Conflict review can adopt the saved document",
    "passed": true
   }
  ]
 }
}
{"url":"http://127.0.0.1:3021/config/floorplan","viewport":{"width":1440,"height":1000},"problems":["log: Failed to load resource: the server responded with a status of 409 (Conflict)"]}
